Component: ARM Compiler 5.06 update 6 (build 750) Tool: armlink [4d35ed]

==============================================================================

Section Cross References

    startup_stm32f051x8.o(STACK) refers (Special) to heapauxi.o(.text) for __use_two_region_memory
    startup_stm32f051x8.o(HEAP) refers (Special) to heapauxi.o(.text) for __use_two_region_memory
    startup_stm32f051x8.o(RESET) refers (Special) to heapauxi.o(.text) for __use_two_region_memory
    startup_stm32f051x8.o(RESET) refers to startup_stm32f051x8.o(STACK) for __initial_sp
    startup_stm32f051x8.o(RESET) refers to startup_stm32f051x8.o(.text) for Reset_Handler
    startup_stm32f051x8.o(RESET) refers to stm32f0xx_it.o(i.NMI_Handler) for NMI_Handler
    startup_stm32f051x8.o(RESET) refers to stm32f0xx_it.o(i.HardFault_Handler) for HardFault_Handler
    startup_stm32f051x8.o(RESET) refers to stm32f0xx_it.o(i.SVC_Handler) for SVC_Handler
    startup_stm32f051x8.o(RESET) refers to stm32f0xx_it.o(i.PendSV_Handler) for PendSV_Handler
    startup_stm32f051x8.o(RESET) refers to stm32f0xx_it.o(i.SysTick_Handler) for SysTick_Handler
    startup_stm32f051x8.o(RESET) refers to gpio.o(i.EXTI4_15_IRQHandler) for EXTI4_15_IRQHandler
    startup_stm32f051x8.o(RESET) refers to stm32f0xx_it.o(i.TIM2_IRQHandler) for TIM2_IRQHandler
    startup_stm32f051x8.o(RESET) refers to dlp_control.o(i.TIM16_IRQHandler) for TIM16_IRQHandler
    startup_stm32f051x8.o(RESET) refers to stm32f0xx_it.o(i.USART1_IRQHandler) for USART1_IRQHandler
    startup_stm32f051x8.o(RESET) refers to stm32f0xx_it.o(i.USART2_IRQHandler) for USART2_IRQHandler
    startup_stm32f051x8.o(.text) refers (Special) to heapauxi.o(.text) for __use_two_region_memory
    startup_stm32f051x8.o(.text) refers to system_stm32f0xx.o(i.SystemInit) for SystemInit
    startup_stm32f051x8.o(.text) refers to __main.o(!!!main) for __main
    startup_stm32f051x8.o(.text) refers to startup_stm32f051x8.o(HEAP) for Heap_Mem
    startup_stm32f051x8.o(.text) refers to startup_stm32f051x8.o(STACK) for Stack_Mem
    system_stm32f0xx.o(i.SystemCoreClockUpdate) refers to aeabi_sdiv.o(.text) for __aeabi_uidivmod
    system_stm32f0xx.o(i.SystemCoreClockUpdate) refers to system_stm32f0xx.o(.data) for SystemCoreClock
    system_stm32f0xx.o(i.SystemInit) refers to system_stm32f0xx.o(i.SetSysClock) for SetSysClock
    stm32f0xx_it.o(i.HardFault_Handler) refers to noretval__2printf.o(.text) for __2printf
    stm32f0xx_it.o(i.NMI_Handler) refers to noretval__2printf.o(.text) for __2printf
    stm32f0xx_it.o(i.PendSV_Handler) refers to noretval__2printf.o(.text) for __2printf
    stm32f0xx_it.o(i.SVC_Handler) refers to noretval__2printf.o(.text) for __2printf
    stm32f0xx_it.o(i.SysTick_Handler) refers to fun.o(i.fun_tick) for fun_tick
    stm32f0xx_it.o(i.SysTick_Handler) refers to stepmotor.o(i.beat) for beat
    stm32f0xx_it.o(i.SysTick_Handler) refers to bsp_key.o(i.bsp_key_scan) for bsp_key_scan
    stm32f0xx_it.o(i.SysTick_Handler) refers to uart.o(.data) for TimeOut
    stm32f0xx_it.o(i.SysTick_Handler) refers to bsp_delay.o(.data) for g_uiDelayCount
    stm32f0xx_it.o(i.SysTick_Handler) refers to stepmotor.o(.data) for BeatCycle
    stm32f0xx_it.o(i.SysTick_Handler) refers to stm32f0xx_it.o(.data) for s_count
    stm32f0xx_it.o(i.TIM2_IRQHandler) refers to stm32f0xx_tim.o(i.TIM_GetITStatus) for TIM_GetITStatus
    stm32f0xx_it.o(i.TIM2_IRQHandler) refers to stm32f0xx_tim.o(i.TIM_GetFlagStatus) for TIM_GetFlagStatus
    stm32f0xx_it.o(i.TIM2_IRQHandler) refers to stm32f0xx_tim.o(i.TIM_ClearFlag) for TIM_ClearFlag
    stm32f0xx_it.o(i.TIM2_IRQHandler) refers to stm32f0xx_tim.o(i.TIM_ClearITPendingBit) for TIM_ClearITPendingBit
    stm32f0xx_it.o(i.TIM2_IRQHandler) refers to stm32f0xx_tim.o(i.TIM_GetCapture3) for TIM_GetCapture3
    stm32f0xx_it.o(i.TIM2_IRQHandler) refers to aeabi_sdiv.o(.text) for __aeabi_uidivmod
    stm32f0xx_it.o(i.TIM2_IRQHandler) refers to stm32f0xx_tim.o(i.TIM_GetCapture4) for TIM_GetCapture4
    stm32f0xx_it.o(i.TIM2_IRQHandler) refers to stm32f0xx_it.o(.data) for CaptureNumber
    stm32f0xx_it.o(i.TIM2_IRQHandler) refers to system_stm32f0xx.o(.data) for SystemCoreClock
    stm32f0xx_it.o(i.TIM2_IRQHandler) refers to fun.o(.data) for TIM2CHFreq
    stm32f0xx_it.o(i.USART1_IRQHandler) refers to stm32f0xx_usart.o(i.USART_GetITStatus) for USART_GetITStatus
    stm32f0xx_it.o(i.USART1_IRQHandler) refers to stm32f0xx_usart.o(i.USART_ReceiveData) for USART_ReceiveData
    stm32f0xx_it.o(i.USART1_IRQHandler) refers to uart.o(i.USART_Receive) for USART_Receive
    stm32f0xx_it.o(i.USART2_IRQHandler) refers to stm32f0xx_usart.o(i.USART_GetITStatus) for USART_GetITStatus
    stm32f0xx_it.o(i.USART2_IRQHandler) refers to stm32f0xx_usart.o(i.USART_ReceiveData) for USART_ReceiveData
    stm32f0xx_it.o(i.USART2_IRQHandler) refers to uart.o(i.USART_Receive) for USART_Receive
    main.o(i.main) refers to led.o(i.LED_Init) for LED_Init
[...]
    ddiv_reciptbl                            0x08009e01   Data         128  ddiv.o(.constdata)
    .constdata                               0x08009e81   Section       64  fdiv.o(.constdata)
    fdiv_tab                                 0x08009e81   Data          64  fdiv.o(.constdata)
    .constdata                               0x08009ec8   Section       56  log.o(.constdata)
    Lg2                                      0x08009ec8   Data          24  log.o(.constdata)
    Lg                                       0x08009ee0   Data          32  log.o(.constdata)
    .constdata                               0x08009f00   Section        8  qnan.o(.constdata)
    .data                                    0x20000000   Section       20  system_stm32f0xx.o(.data)
    .data                                    0x20000014   Section       29  stm32f0xx_it.o(.data)
    s_count                                  0x20000030   Data           1  stm32f0xx_it.o(.data)
    .data                                    0x20000031   Section        1  main.o(.data)
    .data                                    0x20000034   Section       32  uart.o(.data)
    .data                                    0x20000054   Section       49  fun.o(.data)
    strategy_env2_on                         0x2000006a   Data          12  fun.o(.data)
    strategy_env2_off                        0x20000076   Data          12  fun.o(.data)
    .data                                    0x20000088   Section       16  stepmotor.o(.data)
    .data                                    0x20000098   Section       20  gpio.o(.data)
    sg_reset_XFM10213_flag                   0x20000098   Data           1  gpio.o(.data)
    sg_reset_I94113_flag                     0x20000099   Data           1  gpio.o(.data)
    sg_wake_648_flag                         0x2000009a   Data           1  gpio.o(.data)
    loopCount                                0x200000a0   Data           4  gpio.o(.data)
    loopCount                                0x200000a4   Data           4  gpio.o(.data)
    loopCount                                0x200000a8   Data           4  gpio.o(.data)
    .data                                    0x200000ac   Section       17  dlp_control.o(.data)
    ICxValue1                                0x200000b4   Data           2  dlp_control.o(.data)
    ICxValue2                                0x200000b6   Data           2  dlp_control.o(.data)
    CaptureCount                             0x200000b8   Data           4  dlp_control.o(.data)
    pwm_flag                                 0x200000bc   Data           1  dlp_control.o(.data)
    .data                                    0x200000c0   Section        8  bsp_key.o(.data)
    s_tBtn                                   0x200000c0   Data           8  bsp_key.o(.data)
    .data                                    0x200000c8   Section        4  bsp_delay.o(.data)
    .data                                    0x200000cc   Section        1  xfm10213_model.o(.data)
    xfm_rdy_flag                             0x200000cc   Data           1  xfm10213_model.o(.data)
    .data                                    0x200000d0   Section        4  iwdg_model.o(.data)
    .data                                    0x200000d4   Section       16  stm32f0xx_rcc.o(.data)
    APBAHBPrescTable                         0x200000d4   Data          16  stm32f0xx_rcc.o(.data)
    .bss                                     0x200000e4   Section      258  uart.o(.bss)
    .bss                                     0x200001e6   Section       10  adc.o(.bss)
    .bss                                     0x200001f0   Section       12  bsp_key.o(.bss)
    s_tKey                                   0x200001f0   Data          12  bsp_key.o(.bss)
    .bss                                     0x200001fc   Section       96  libspace.o(.bss)
    HEAP                                     0x20000260   Section      512  startup_stm32f051x8.o(HEAP)
    Heap_Mem                                 0x20000260   Data         512  startup_stm32f051x8.o(HEAP)
    STACK                                    0x20000460   Section     1024  startup_stm32f051x8.o(STACK)
    Stack_Mem                                0x20000460   Data        1024  startup_stm32f051x8.o(STACK)
    __initial_sp                             0x20000860   Data           0  startup_stm32f051x8.o(STACK)

    Global Symbols

    Symbol Name                              Value     Ov Type        Size  Object(Section)

    BuildAttributes$$THM_ISAv3M$S$PE$A:L22$X:L11$S22$IEEE1$IW$USESV6$~STKCKD$USESV7$~SHL$OTIME$ROPI$IEEEX$EBA8$UX$STANDARDLIB$REQ8$PRES8$EABIv2 0x00000000   Number         0  anon$$obj.o ABSOLUTE
    __ARM_use_no_argv                        0x00000000   Number         0  main.o ABSOLUTE
    _printf_flags                            0x00000000   Number         0  printf_stubs.o ABSOLUTE
    _printf_return_value                     0x00000000   Number         0  printf_stubs.o ABSOLUTE
    _printf_sizespec                         0x00000000   Number         0  printf_stubs.o ABSOLUTE
    _printf_widthprec                        0x00000000   Number         0  printf_stubs.o ABSOLUTE
    __ARM_exceptions_init                     - Undefined Weak Reference
    __alloca_initialize                       - Undefined Weak Reference
    __arm_preinit_                            - Undefined Weak Reference
    __cpp_initialize__aeabi_                  - Undefined Weak Reference
    __cxa_finalize                            - Undefined Weak Reference
    __rt_locale                               - Undefined Weak Reference
    __sigvec_lookup                           - Undefined Weak Reference
    _atexit_init                              - Undefined Weak Reference
    _call_atexit_fns                          - Undefined Weak Reference
    _clock_init                               - Undefined Weak Reference
    _fp_trap_init                             - Undefined Weak Reference
    _fp_trap_shutdown                         - Undefined Weak Reference
    _get_lc_collate                           - Undefined Weak Reference
    _get_lc_ctype                             - Undefined Weak Reference
    _get_lc_monetary                          - Undefined Weak Reference
    _get_lc_numeric                           - Undefined Weak Reference
    _get_lc_time                              - Undefined Weak Reference
    _getenv_init                              - Undefined Weak Reference
    _handle_redirection                       - Undefined Weak Reference
    _init_alloc                               - Undefined Weak Reference
    _init_user_alloc                          - Undefined Weak Reference
    _initio                                   - Undefined Weak Reference
    _mutex_acquire                            - Undefined Weak Reference
    _mutex_release                            - Undefined Weak Reference
    _printf_truncate_signed                   - Undefined Weak Reference
    _printf_truncate_unsigned                 - Undefined Weak Reference
    _rand_init                                - Undefined Weak Reference
    _signal_finish                            - Undefined Weak Reference
    _signal_init                              - Undefined Weak Reference
    _terminate_alloc                          - Undefined Weak Reference
    _terminate_user_alloc                     - Undefined Weak Reference
    _terminateio                              - Undefined Weak Reference
    __Vectors_Size                           0x000000bc   Number         0  startup_stm32f051x8.o ABSOLUTE
    __Vectors                                0x08000000   Data           4  startup_stm32f051x8.o(RESET)
    __Vectors_End                            0x080000bc   Data           0  startup_stm32f051x8.o(RESET)
    __main                                   0x080000bd   Thumb Code     8  __main.o(!!!main)
    __scatterload                            0x080000c5   Thumb Code     0  __scatter.o(!!!scatter)
    __scatterload_rt2                        0x080000c5   Thumb Code    52  __scatter.o(!!!scatter)
    __scatterload_rt2_thumb_only             0x080000c5   Thumb Code     0  __scatter.o(!!!scatter)
    __scatterload_null                       0x080000d5   Thumb Code     0  __scatter.o(!!!scatter)
    __scatterload_copy                       0x08000101   Thumb Code    26  __scatter_copy.o(!!handler_copy)
    __scatterload_zeroinit                   0x0800011d   Thumb Code    28  __scatter_zi.o(!!handler_zi)
    _printf_percent                          0x08000139   Thumb Code     0  _printf_percent.o(.ARM.Collect$$_printf_percent$$00000000)
    _printf_d                                0x0800013b   Thumb Code     0  _printf_d.o(.ARM.Collect$$_printf_percent$$00000009)
    _printf_x                                0x08000145   Thumb Code     0  _printf_x.o(.ARM.Collect$$_printf_percent$$0000000C)
    _printf_percent_end                      0x0800014f   Thumb Code     0  _printf_percent_end.o(.ARM.Collect$$_printf_percent$$00000017)
    __rt_lib_init                            0x08000153   Thumb Code     0  libinit.o(.ARM.Collect$$libinit$$00000000)
    __rt_lib_init_alloca_1                   0x08000155   Thumb Code     0  libinit2.o(.ARM.Collect$$libinit$$0000002E)
    __rt_lib_init_argv_1                     0x08000155   Thumb Code     0  libinit2.o(.ARM.Collect$$libinit$$0000002C)
    __rt_lib_init_atexit_1                   0x08000155   Thumb Code     0  libinit2.o(.ARM.Collect$$libinit$$0000001B)
    __rt_lib_init_clock_1                    0x08000155   Thumb Code     0  libinit2.o(.ARM.Collect$$libinit$$00000021)
    __rt_lib_init_cpp_1                      0x08000155   Thumb Code     0  libinit2.o(.ARM.Collect$$libinit$$00000032)
    __rt_lib_init_exceptions_1               0x08000155   Thumb Code     0  libinit2.o(.ARM.Collect$$libinit$$00000030)
    __rt_lib_init_fp_1                       0x08000155   Thumb Code     0  libinit2.o(.ARM.Collect$$libinit$$00000002)
    __rt_lib_init_fp_trap_1                  0x08000155   Thumb Code     0  libinit2.o(.ARM.Collect$$libinit$$0000001F)
    __rt_lib_init_getenv_1                   0x08000155   Thumb Code     0  libinit2.o(.ARM.Collect$$libinit$$00000023)
    __rt_lib_init_heap_1                     0x08000155   Thumb Code     0  libinit2.o(.ARM.Collect$$libinit$$0000000A)
    __rt_lib_init_lc_collate_1               0x08000155   Thumb Code     0  libinit2.o(.ARM.Collect$$libinit$$00000011)
    __rt_lib_init_lc_ctype_1                 0x08000155   Thumb Code     0  libinit2.o(.ARM.Collect$$libinit$$00000013)
    __rt_lib_init_lc_monetary_1              0x08000155   Thumb Code     0  libinit2.o(.ARM.Collect$$libinit$$00000015)
    __rt_lib_init_lc_numeric_1               0x08000155   Thumb Code     0  libinit2.o(.ARM.Collect$$libinit$$00000017)
    __rt_lib_init_lc_time_1                  0x08000155   Thumb Code     0  libinit2.o(.ARM.Collect$$libinit$$00000019)
    __rt_lib_init_preinit_1                  0x08000155   Thumb Code     0  libinit2.o(.ARM.Collect$$libinit$$00000004)
    __rt_lib_init_rand_1                     0x08000155   Thumb Code     0  libinit2.o(.ARM.Collect$$libinit$$0000000E)
    __rt_lib_init_return                     0x08000155   Thumb Code     0  libinit2.o(.ARM.Collect$$libinit$$00000033)
    __rt_lib_init_signal_1                   0x08000155   Thumb Code     0  libinit2.o(.ARM.Collect$$libinit$$0000001D)
    __rt_lib_init_stdio_1                    0x08000155   Thumb Code     0  libinit2.o(.ARM.Collect$$libinit$$00000025)
    __rt_lib_init_user_alloc_1               0x08000155   Thumb Code     0  libinit2.o(.ARM.Collect$$libinit$$0000000C)
    __rt_lib_shutdown                        0x08000157   Thumb Code     0  libshutdown.o(.ARM.Collect$$libshutdown$$00000000)
    __rt_lib_shutdown_cpp_1                  0x08000159   Thumb Code     0  libshutdown2.o(.ARM.Collect$$libshutdown$$00000002)
    __rt_lib_shutdown_fp_trap_1              0x08000159   Thumb Code     0  libshutdown2.o(.ARM.Collect$$libshutdown$$00000007)
    __rt_lib_shutdown_heap_1                 0x08000159   Thumb Code     0  libshutdown2.o(.ARM.Collect$$libshutdown$$0000000F)
    __rt_lib_shutdown_return                 0x08000159   Thumb Code     0  libshutdown2.o(.ARM.Collect$$libshutdown$$00000010)
    __rt_lib_shutdown_signal_1               0x08000159   Thumb Code     0  libshutdown2.o(.ARM.Collect$$libshutdown$$0000000A)
    __rt_lib_shutdown_stdio_1                0x08000159   Thumb Code     0  libshutdown2.o(.ARM.Collect$$libshutdown$$00000004)
    __rt_lib_shutdown_user_alloc_1           0x08000159   Thumb Code     0  libshutdown2.o(.ARM.Collect$$libshutdown$$0000000C)
    __rt_entry                               0x0800015b   Thumb Code     0  __rtentry.o(.ARM.Collect$$rtentry$$00000000)
    __rt_entry_presh_1                       0x0800015b   Thumb Code     0  __rtentry2.o(.ARM.Collect$$rtentry$$00000002)
    __rt_entry_sh                            0x0800015b   Thumb Code     0  __rtentry4.o(.ARM.Collect$$rtentry$$00000004)
    __rt_entry_li                            0x08000161   Thumb Code     0  __rtentry2.o(.ARM.Collect$$rtentry$$0000000A)
    __rt_entry_postsh_1                      0x08000161   Thumb Code     0  __rtentry2.o(.ARM.Collect$$rtentry$$00000009)
    __rt_entry_main                          0x08000165   Thumb Code     0  __rtentry2.o(.ARM.Collect$$rtentry$$0000000D)
    __rt_entry_postli_1                      0x08000165   Thumb Code     0  __rtentry2.o(.ARM.Collect$$rtentry$$0000000C)
    __rt_exit                                0x0800016d   Thumb Code     0  rtexit.o(.ARM.Collect$$rtexit$$00000000)
    __rt_exit_ls                             0x0800016f   Thumb Code     0  rtexit2.o(.ARM.Collect$$rtexit$$00000003)
    __rt_exit_prels_1                        0x0800016f   Thumb Code     0  rtexit2.o(.ARM.Collect$$rtexit$$00000002)
    __rt_exit_exit                           0x08000173   Thumb Code     0  rtexit2.o(.ARM.Collect$$rtexit$$00000004)
    __aeabi_memcpy4                          0x08000179   Thumb Code    56  rt_memcpy.o(.emb_text)
    __aeabi_memcpy8                          0x08000179   Thumb Code     0  rt_memcpy.o(.emb_text)
    Reset_Handler                            0x080001b1   Thumb Code     8  startup_stm32f051x8.o(.text)
    ADC1_COMP_IRQHandler                     0x080001c3   Thumb Code     0  startup_stm32f051x8.o(.text)
    CEC_IRQHandler                           0x080001c3   Thumb Code     0  startup_stm32f051x8.o(.text)
    DMA1_Channel1_IRQHandler                 0x080001c3   Thumb Code     0  startup_stm32f051x8.o(.text)
    DMA1_Channel2_3_IRQHandler               0x080001c3   Thumb Code     0  startup_stm32f051x8.o(.text)
    DMA1_Channel4_5_IRQHandler               0x080001c3   Thumb Code     0  startup_stm32f051x8.o(.text)
    EXTI0_1_IRQHandler                       0x080001c3   Thumb Code     0  startup_stm32f051x8.o(.text)
    EXTI2_3_IRQHandler                       0x080001c3   Thumb Code     0  startup_stm32f051x8.o(.text)
    FLASH_IRQHandler                         0x080001c3   Thumb Code     0  startup_stm32f051x8.o(.text)
    I2C1_IRQHandler                          0x080001c3   Thumb Code     0  startup_stm32f051x8.o(.text)
    I2C2_IRQHandler                          0x080001c3   Thumb Code     0  startup_stm32f051x8.o(.text)
    PVD_IRQHandler                           0x080001c3   Thumb Code     0  startup_stm32f051x8.o(.text)
    RCC_IRQHandler                           0x080001c3   Thumb Code     0  startup_stm32f051x8.o(.text)
    RTC_IRQHandler                           0x080001c3   Thumb Code     0  startup_stm32f051x8.o(.text)
    SPI1_IRQHandler                          0x080001c3   Thumb Code     0  startup_stm32f051x8.o(.text)
    SPI2_IRQHandler                          0x080001c3   Thumb Code     0  startup_stm32f051x8.o(.text)
    TIM14_IRQHandler                         0x080001c3   Thumb Code     0  startup_stm32f051x8.o(.text)
    TIM15_IRQHandler                         0x080001c3   Thumb Code     0  startup_stm32f051x8.o(.text)
    TIM17_IRQHandler                         0x080001c3   Thumb Code     0  startup_stm32f051x8.o(.text)
    TIM1_BRK_UP_TRG_COM_IRQHandler           0x080001c3   Thumb Code     0  startup_stm32f051x8.o(.text)
    TIM1_CC_IRQHandler                       0x080001c3   Thumb Code     0  startup_stm32f051x8.o(.text)
    TIM3_IRQHandler                          0x080001c3   Thumb Code     0  startup_stm32f051x8.o(.text)
    TIM6_DAC_IRQHandler                      0x080001c3   Thumb Code     0  startup_stm32f051x8.o(.text)
    TSC_IRQHandler                           0x080001c3   Thumb Code     0  startup_stm32f051x8.o(.text)
    WWDG_IRQHandler                          0x080001c3   Thumb Code     0  startup_stm32f051x8.o(.text)
    __user_initial_stackheap                 0x080001c5   Thumb Code     0  startup_stm32f051x8.o(.text)
    __use_no_semihosting                     0x080001e9   Thumb Code     2  use_no_semi_2.o(.text)
    __2printf                                0x080001ed   Thumb Code    22  noretval__2printf.o(.text)
    _printf_pre_padding                      0x08000209   Thumb Code    44  _printf_pad.o(.text)
    _printf_post_padding                     0x08000235   Thumb Code    34  _printf_pad.o(.text)
    _printf_int_dec                          0x08000259   Thumb Code    90  _printf_dec.o(.text)
    _printf_int_hex                          0x080002c5   Thumb Code    84  _printf_hex_int.o(.text)
    _printf_longlong_hex                     0x080002c5   Thumb Code     0  _printf_hex_int.o(.text)
    __printf                                 0x0800031d   Thumb Code   306  __printf_flags_wp.o(.text)
    __aeabi_memcpy                           0x08000455   Thumb Code   130  rt_memcpy.o(.text)
    __rt_memcpy                              0x08000455   Thumb Code     0  rt_memcpy.o(.text)
    __aeabi_memset                           0x080004d7   Thumb Code    18  aeabi_memset.o(.text)
    _memset_w                                0x080004e9   Thumb Code    26  rt_memclr.o(.text)
    _memset                                  0x08000503   Thumb Code    30  rt_memclr.o(.text)
    __aeabi_memclr                           0x08000521   Thumb Code     4  rt_memclr.o(.text)
    __rt_memclr                              0x08000521   Thumb Code     0  rt_memclr.o(.text)
    __aeabi_memclr4                          0x08000525   Thumb Code     0  rt_memclr.o(.text)
    __aeabi_memclr8                          0x08000525   Thumb Code     0  rt_memclr.o(.text)
    __rt_memclr_w                            0x08000525   Thumb Code     4  rt_memclr.o(.text)
    __aeabi_uidiv                            0x08000529   Thumb Code     0  aeabi_sdiv.o(.text)
    __aeabi_uidivmod                         0x08000529   Thumb Code    20  aeabi_sdiv.o(.text)
    __aeabi_idiv                             0x0800053d   Thumb Code     0  aeabi_sdiv.o(.text)
    __aeabi_idivmod                          0x0800053d   Thumb Code   326  aeabi_sdiv.o(.text)
    __use_two_region_memory                  0x08000683   Thumb Code     2  heapauxi.o(.text)
    __rt_heap_escrow$2region                 0x08000685   Thumb Code     2  heapauxi.o(.text)
    __rt_heap_expand$2region                 0x08000687   Thumb Code     2  heapauxi.o(.text)
    __aeabi_dadd                             0x08000981   Thumb Code     0  daddsub.o(.text)
    _dadd                                    0x08000981   Thumb Code    26  daddsub.o(.text)
    __aeabi_dsub                             0x0800099b   Thumb Code     0  daddsub.o(.text)
    _dsub                                    0x0800099b   Thumb Code    22  daddsub.o(.text)
    __aeabi_drsub                            0x080009b1   Thumb Code     0  daddsub.o(.text)
    _drsb                                    0x080009b1   Thumb Code    28  daddsub.o(.text)
    __aeabi_ddiv                             0x080009e1   Thumb Code     0  ddiv.o(.text)
    _ddiv                                    0x080009e1   Thumb Code  1072  ddiv.o(.text)
    _drdiv                                   0x08000e11   Thumb Code    20  ddiv.o(.text)
    __aeabi_d2uiz                            0x08000e29   Thumb Code     0  dfixui.o(.text)
    _dfixu                                   0x08000e29   Thumb Code    68  dfixui.o(.text)
    __aeabi_i2d_normalise                    0x08000e71   Thumb Code    66  dflti.o(.text)
    __aeabi_i2d                              0x08000eb3   Thumb Code    16  dflti.o(.text)
    _dflt                                    0x08000eb3   Thumb Code     0  dflti.o(.text)
    __aeabi_ui2d                             0x08000ec3   Thumb Code     6  dflti.o(.text)
    _dfltu                                   0x08000ec3   Thumb Code     0  dflti.o(.text)
    __aeabi_dmul                             0x08000ec9   Thumb Code     0  dmul.o(.text)
    _dmul                                    0x08000ec9   Thumb Code   558  dmul.o(.text)
    __aeabi_fdiv                             0x08001111   Thumb Code     0  fdiv.o(.text)
    _fdiv                                    0x08001111   Thumb Code   334  fdiv.o(.text)
    _frdiv                                   0x0800125f   Thumb Code     8  fdiv.o(.text)
    __aeabi_f2uiz                            0x08001271   Thumb Code     0  ffixui.o(.text)
    _ffixu                                   0x08001271   Thumb Code    48  ffixui.o(.text)
    __aeabi_i2f_normalise                    0x080012a1   Thumb Code    72  fflti.o(.text)
    __aeabi_i2f                              0x080012e9   Thumb Code    16  fflti.o(.text)
    _fflt                                    0x080012e9   Thumb Code     0  fflti.o(.text)
    __aeabi_ui2f                             0x080012f9   Thumb Code     6  fflti.o(.text)
    _ffltu                                   0x080012f9   Thumb Code     0  fflti.o(.text)
    __I$use$semihosting                      0x080012ff   Thumb Code     0  use_no_semi.o(.text)
    __use_no_semihosting_swi                 0x080012ff   Thumb Code     2  use_no_semi.o(.text)
    __read_errno                             0x08001301   Thumb Code    10  _rserrno.o(.text)
    __set_errno                              0x0800130b   Thumb Code    12  _rserrno.o(.text)
    _printf_int_common                       0x08001317   Thumb Code   176  _printf_intcommon.o(.text)
    _printf_char_file                        0x080013c9   Thumb Code    34  _printf_char_file.o(.text)
    __rt_udiv10                              0x080013f1   Thumb Code    40  rtudiv10.o(.text)
    __fpl_dcmp_InfNaN                        0x08001419   Thumb Code   140  dcmpin.o(.text)
    __ARM_scalbn                             0x080014a9   Thumb Code    84  dscalbn.o(.text)
    __aeabi_errno_addr                       0x08001509   Thumb Code     8  rt_errno_addr_intlibspace.o(.text)
    __errno$intlibspace                      0x08001509   Thumb Code     0  rt_errno_addr_intlibspace.o(.text)
    __rt_errno_addr$intlibspace              0x08001509   Thumb Code     0  rt_errno_addr_intlibspace.o(.text)
    _printf_char_common                      0x0800151b   Thumb Code    32  _printf_char_common.o(.text)
    ferror                                   0x08001541   Thumb Code     8  ferror.o(.text)
    __fpl_cmpreturn                          0x08001549   Thumb Code    46  cmpret.o(.text)
    __fpl_dcheck_NaN2                        0x08001579   Thumb Code    14  dnan2.o(.text)
    __user_libspace                          0x0800158d   Thumb Code     8  libspace.o(.text)
    __user_perproc_libspace                  0x0800158d   Thumb Code     0  libspace.o(.text)
    __user_perthread_libspace                0x0800158d   Thumb Code     0  libspace.o(.text)
    __user_setup_stackheap                   0x08001595   Thumb Code    62  sys_stackheap_outer.o(.text)
    exit                                     0x080015d3   Thumb Code    16  exit.o(.text)
    __fpl_return_NaN                         0x080015e3   Thumb Code    94  retnan.o(.text)
    ADC_ChannelConfig                        0x08001641   Thumb Code    24  stm32f0xx_adc.o(i.ADC_ChannelConfig)
    ADC_Cmd                                  0x08001659   Thumb Code    24  stm32f0xx_adc.o(i.ADC_Cmd)
    ADC_Config_Init                          0x08001671   Thumb Code   318  adc.o(i.ADC_Config_Init)
    ADC_DMACmd                               0x080017bd   Thumb Code    24  stm32f0xx_adc.o(i.ADC_DMACmd)
    ADC_DMARequestModeConfig                 0x080017d5   Thumb Code    16  stm32f0xx_adc.o(i.ADC_DMARequestModeConfig)
    ADC_DeInit                               0x080017e5   Thumb Code    28  stm32f0xx_adc.o(i.ADC_DeInit)
    ADC_GetCalibrationFactor                 0x08001805   Thumb Code    60  stm32f0xx_adc.o(i.ADC_GetCalibrationFactor)
    ADC_GetFlagStatus                        0x08001841   Thumb Code    48  stm32f0xx_adc.o(i.ADC_GetFlagStatus)
    ADC_Init                                 0x08001871   Thumb Code    40  stm32f0xx_adc.o(i.ADC_Init)
    ADC_StartOfConversion                    0x0800189d   Thumb Code    10  stm32f0xx_adc.o(i.ADC_StartOfConversion)
    ADC_StructInit                           0x080018a7   Thumb Code    16  stm32f0xx_adc.o(i.ADC_StructInit)
    DLP_Init                                 0x080018b7   Thumb Code     8  dlp_control.o(i.DLP_Init)
    DMA_Cmd                                  0x080018c1   Thumb Code    24  stm32f0xx_dma.o(i.DMA_Cmd)
    DMA_DeInit                               0x080018dd   Thumb Code   152  stm32f0xx_dma.o(i.DMA_DeInit)
    DMA_Init                                 0x0800197d   Thumb Code    58  stm32f0xx_dma.o(i.DMA_Init)
    EXTI4_15_IRQHandler                      0x080019bd   Thumb Code   298  gpio.o(i.EXTI4_15_IRQHandler)
    EXTI_ClearITPendingBit                   0x08001af9   Thumb Code     6  stm32f0xx_exti.o(i.EXTI_ClearITPendingBit)
    EXTI_GetITStatus                         0x08001b05   Thumb Code    36  stm32f0xx_exti.o(i.EXTI_GetITStatus)
    EXTI_Init                                0x08001b2d   Thumb Code   132  stm32f0xx_exti.o(i.EXTI_Init)
    FLASH_ClearFlag                          0x08001bb5   Thumb Code     6  stm32f0xx_flash.o(i.FLASH_ClearFlag)
    FLASH_ErasePage                          0x08001bc1   Thumb Code    72  stm32f0xx_flash.o(i.FLASH_ErasePage)
    FLASH_GetStatus                          0x08001c0d   Thumb Code    54  stm32f0xx_flash.o(i.FLASH_GetStatus)
    FLASH_If_Erase                           0x08001c49   Thumb Code    38  flash_if.o(i.FLASH_If_Erase)
    FLASH_If_GetEnv                          0x08001c75   Thumb Code    24  flash_if.o(i.FLASH_If_GetEnv)
    FLASH_If_Init                            0x08001c8d   Thumb Code    14  flash_if.o(i.FLASH_If_Init)
    FLASH_If_Write                           0x08001c9d   Thumb Code    74  flash_if.o(i.FLASH_If_Write)
    FLASH_ProgramWord                        0x08001ced   Thumb Code   104  stm32f0xx_flash.o(i.FLASH_ProgramWord)
    FLASH_Unlock                             0x08001d59   Thumb Code    24  stm32f0xx_flash.o(i.FLASH_Unlock)
    FLASH_WaitForLastOperation               0x08001d7d   Thumb Code    40  stm32f0xx_flash.o(i.FLASH_WaitForLastOperation)
    Fun_PWM_Config                           0x08001da5   Thumb Code   248  fun.o(i.Fun_PWM_Config)
    Fun_Speed_Config                         0x08001eb5   Thumb Code   194  fun.o(i.Fun_Speed_Config)
    GPIO_Init                                0x08001f81   Thumb Code   144  stm32f0xx_gpio.o(i.GPIO_Init)
    GPIO_PinAFConfig                         0x08002011   Thumb Code    68  stm32f0xx_gpio.o(i.GPIO_PinAFConfig)
    GPIO_Pin_Init                            0x08002055   Thumb Code    78  gpio.o(i.GPIO_Pin_Init)
    GPIO_ReadInputDataBit                    0x080020ad   Thumb Code    20  stm32f0xx_gpio.o(i.GPIO_ReadInputDataBit)
    GPIO_ResetBits                           0x080020c1   Thumb Code     4  stm32f0xx_gpio.o(i.GPIO_ResetBits)
    GPIO_SetBits                             0x080020c5   Thumb Code     4  stm32f0xx_gpio.o(i.GPIO_SetBits)
    GPIO_WriteBit                            0x080020c9   Thumb Code    12  stm32f0xx_gpio.o(i.GPIO_WriteBit)
    HardFault_Handler                        0x080020d5   Thumb Code    10  stm32f0xx_it.o(i.HardFault_Handler)
    I2C_Ack                                  0x080020fd   Thumb Code    48  iso_i2c_gpio.o(i.I2C_Ack)
    I2C_Bus_Free                             0x08002131   Thumb Code    42  iso_i2c_gpio.o(i.I2C_Bus_Free)
    I2C_CheckDevice                          0x08002161   Thumb Code    56  iso_i2c_gpio.o(i.I2C_CheckDevice)
    I2C_GPIO_Config                          0x080021ed   Thumb Code    76  iso_i2c_gpio.o(i.I2C_GPIO_Config)
    I2C_NAck                                 0x08002275   Thumb Code    40  iso_i2c_gpio.o(i.I2C_NAck)
    I2C_Probe                                0x080022a1   Thumb Code    62  iso_i2c_gpio.o(i.I2C_Probe)
    I2C_ReadByte                             0x080022e5   Thumb Code    64  iso_i2c_gpio.o(i.I2C_ReadByte)
    I2C_SendByte                             0x08002329   Thumb Code    88  iso_i2c_gpio.o(i.I2C_SendByte)
    I2C_Start                                0x08002385   Thumb Code    48  iso_i2c_gpio.o(i.I2C_Start)
    I2C_Stop                                 0x080023b9   Thumb Code    36  iso_i2c_gpio.o(i.I2C_Stop)
    I2C_WaitAck                              0x080023e1   Thumb Code    60  iso_i2c_gpio.o(i.I2C_WaitAck)
    I94113_Reset_Gpio_Init                   0x08002421   Thumb Code    54  gpio.o(i.I94113_Reset_Gpio_Init)
    IWDG_Enable                              0x08002459   Thumb Code     8  stm32f0xx_iwdg.o(i.IWDG_Enable)
    IWDG_Feed                                0x08002469   Thumb Code     8  iwdg_model.o(i.IWDG_Feed)
    IWDG_ReloadCounter                       0x08002471   Thumb Code     8  stm32f0xx_iwdg.o(i.IWDG_ReloadCounter)
    IWDG_SetPrescaler                        0x08002481   Thumb Code     6  stm32f0xx_iwdg.o(i.IWDG_SetPrescaler)
    IWDG_SetReload                           0x0800248d   Thumb Code     6  stm32f0xx_iwdg.o(i.IWDG_SetReload)
    IWDG_WriteAccessCmd                      0x08002499   Thumb Code     6  stm32f0xx_iwdg.o(i.IWDG_WriteAccessCmd)
    LED_Close                                0x080024c1   Thumb Code    34  led.o(i.LED_Close)
    LED_Init                                 0x080024e9   Thumb Code    74  led.o(i.LED_Init)
    LED_Open                                 0x08002539   Thumb Code    34  led.o(i.LED_Open)
    NMI_Handler                              0x08002561   Thumb Code    10  stm32f0xx_it.o(i.NMI_Handler)
    NVIC_Init                                0x08002581   Thumb Code   106  stm32f0xx_misc.o(i.NVIC_Init)
    OutPwmToDLP_Init                         0x08002669   Thumb Code    28  dlp_control.o(i.OutPwmToDLP_Init)
    PWM_Set_Pulse                            0x08002695   Thumb Code    72  fun.o(i.PWM_Set_Pulse)
    PendSV_Handler                           0x080026e5   Thumb Code    10  stm32f0xx_it.o(i.PendSV_Handler)
    RCC_AHBPeriphClockCmd                    0x080027bd   Thumb Code    28  stm32f0xx_rcc.o(i.RCC_AHBPeriphClockCmd)
    RCC_APB1PeriphClockCmd                   0x080027dd   Thumb Code    28  stm32f0xx_rcc.o(i.RCC_APB1PeriphClockCmd)
    RCC_APB2PeriphClockCmd                   0x080027fd   Thumb Code    28  stm32f0xx_rcc.o(i.RCC_APB2PeriphClockCmd)
    RCC_APB2PeriphResetCmd                   0x0800281d   Thumb Code    28  stm32f0xx_rcc.o(i.RCC_APB2PeriphResetCmd)
    RCC_ClearFlag                            0x0800283d   Thumb Code    16  stm32f0xx_rcc.o(i.RCC_ClearFlag)
    RCC_GetClocksFreq                        0x08002851   Thumb Code   340  stm32f0xx_rcc.o(i.RCC_GetClocksFreq)
    RCC_GetFlagStatus                        0x080029c1   Thumb Code    68  stm32f0xx_rcc.o(i.RCC_GetFlagStatus)
    RCC_LSICmd                               0x08002a09   Thumb Code    32  stm32f0xx_rcc.o(i.RCC_LSICmd)
    SM_Fault                                 0x08002a2d   Thumb Code    22  stepmotor.o(i.SM_Fault)
    SM_Limit                                 0x08002a49   Thumb Code    12  stepmotor.o(i.SM_Limit)
    SM_Sleep                                 0x08002a59   Thumb Code    12  stepmotor.o(i.SM_Sleep)
    SM_Wake                                  0x08002a69   Thumb Code    12  stepmotor.o(i.SM_Wake)
    SVC_Handler                              0x08002a79   Thumb Code    10  stm32f0xx_it.o(i.SVC_Handler)
    SYSCFG_EXTILineConfig                    0x08002a99   Thumb Code    60  stm32f0xx_syscfg.o(i.SYSCFG_EXTILineConfig)
    StepMotor_Config                         0x08002bb1   Thumb Code   160  stepmotor.o(i.StepMotor_Config)
    Stm32_Input_GPIO_Init                    0x08002c55   Thumb Code    64  gpio.o(i.Stm32_Input_GPIO_Init)
    Stm32_Output_To_648_Gpio_Init            0x08002ca1   Thumb Code   130  gpio.o(i.Stm32_Output_To_648_Gpio_Init)
    Stm32_Reset_I94113_Chip_Loop             0x08002d29   Thumb Code    84  gpio.o(i.Stm32_Reset_I94113_Chip_Loop)
    Stm32_Reset_XFM10213_Chip_Loop           0x08002d85   Thumb Code    84  gpio.o(i.Stm32_Reset_XFM10213_Chip_Loop)
    Stm32_Reset_XFM10213_Chip_Trigger        0x08002de5   Thumb Code    12  gpio.o(i.Stm32_Reset_XFM10213_Chip_Trigger)
    Stm32_Set_Gpio_Ouput                     0x08002df5   Thumb Code    66  gpio.o(i.Stm32_Set_Gpio_Ouput)
    Stm32_Wake_Mstar648_Chip_Disable         0x08002e3d   Thumb Code    22  gpio.o(i.Stm32_Wake_Mstar648_Chip_Disable)
    Stm32_Wake_Mstar648_Chip_Enable          0x08002e5d   Thumb Code    12  gpio.o(i.Stm32_Wake_Mstar648_Chip_Enable)
    Stm32_Wake_Mstar648_Chip_Loop            0x08002e6d   Thumb Code    96  gpio.o(i.Stm32_Wake_Mstar648_Chip_Loop)
    Stm32_Wake_Mstar648_Gpio_Init            0x08002edd   Thumb Code    50  gpio.o(i.Stm32_Wake_Mstar648_Gpio_Init)
    SysTickConfig                            0x08002f15   Thumb Code    72  uart.o(i.SysTickConfig)
    SysTick_Handler                          0x08002f6d   Thumb Code    98  stm32f0xx_it.o(i.SysTick_Handler)
    SystemInit                               0x08002fe1   Thumb Code   110  system_stm32f0xx.o(i.SystemInit)
    TIM16_IRQHandler                         0x08003179   Thumb Code   460  dlp_control.o(i.TIM16_IRQHandler)
    TIM2_IRQHandler                          0x08003371   Thumb Code   418  stm32f0xx_it.o(i.TIM2_IRQHandler)
    TIM_ARRPreloadConfig                     0x08003539   Thumb Code    24  stm32f0xx_tim.o(i.TIM_ARRPreloadConfig)
    TIM_ClearFlag                            0x08003555   Thumb Code     6  stm32f0xx_tim.o(i.TIM_ClearFlag)
    TIM_ClearITPendingBit                    0x0800355b   Thumb Code     6  stm32f0xx_tim.o(i.TIM_ClearITPendingBit)
    TIM_Cmd                                  0x08003561   Thumb Code    24  stm32f0xx_tim.o(i.TIM_Cmd)
    TIM_CtrlPWMOutputs                       0x0800357d   Thumb Code    34  stm32f0xx_tim.o(i.TIM_CtrlPWMOutputs)
    TIM_GetCapture1                          0x0800359f   Thumb Code     6  stm32f0xx_tim.o(i.TIM_GetCapture1)
    TIM_GetCapture2                          0x080035a5   Thumb Code     6  stm32f0xx_tim.o(i.TIM_GetCapture2)
    TIM_GetCapture3                          0x080035ab   Thumb Code     6  stm32f0xx_tim.o(i.TIM_GetCapture3)
    TIM_GetCapture4                          0x080035b1   Thumb Code     6  stm32f0xx_tim.o(i.TIM_GetCapture4)
    TIM_GetFlagStatus                        0x080035b7   Thumb Code    20  stm32f0xx_tim.o(i.TIM_GetFlagStatus)
    TIM_GetITStatus                          0x080035cb   Thumb Code    38  stm32f0xx_tim.o(i.TIM_GetITStatus)
    TIM_ICInit                               0x080035f1   Thumb Code   112  stm32f0xx_tim.o(i.TIM_ICInit)
    TIM_ITConfig                             0x08003661   Thumb Code    20  stm32f0xx_tim.o(i.TIM_ITConfig)
    TIM_OC1Init                              0x08003675   Thumb Code   122  stm32f0xx_tim.o(i.TIM_OC1Init)
    TIM_OC1PreloadConfig                     0x08003709   Thumb Code    20  stm32f0xx_tim.o(i.TIM_OC1PreloadConfig)
    TIM_OC2Init                              0x08003721   Thumb Code   130  stm32f0xx_tim.o(i.TIM_OC2Init)
    TIM_OC2PreloadConfig                     0x080037bd   Thumb Code    20  stm32f0xx_tim.o(i.TIM_OC2PreloadConfig)
    TIM_OC3Init                              0x080037d5   Thumb Code   124  stm32f0xx_tim.o(i.TIM_OC3Init)
    TIM_OC3PreloadConfig                     0x0800386d   Thumb Code    20  stm32f0xx_tim.o(i.TIM_OC3PreloadConfig)
    TIM_OC4Init                              0x08003885   Thumb Code    88  stm32f0xx_tim.o(i.TIM_OC4Init)
    TIM_OC4PreloadConfig                     0x080038f5   Thumb Code    20  stm32f0xx_tim.o(i.TIM_OC4PreloadConfig)
    TIM_SetCompare1                          0x0800390d   Thumb Code     4  stm32f0xx_tim.o(i.TIM_SetCompare1)
    TIM_SetCompare4                          0x08003911   Thumb Code     4  stm32f0xx_tim.o(i.TIM_SetCompare4)
    TIM_SetIC1Prescaler                      0x08003915   Thumb Code    16  stm32f0xx_tim.o(i.TIM_SetIC1Prescaler)
    TIM_SetIC2Prescaler                      0x08003929   Thumb Code    20  stm32f0xx_tim.o(i.TIM_SetIC2Prescaler)
    TIM_SetIC3Prescaler                      0x08003941   Thumb Code    16  stm32f0xx_tim.o(i.TIM_SetIC3Prescaler)
    TIM_SetIC4Prescaler                      0x08003955   Thumb Code    20  stm32f0xx_tim.o(i.TIM_SetIC4Prescaler)
    TIM_TimeBaseInit                         0x0800396d   Thumb Code    90  stm32f0xx_tim.o(i.TIM_TimeBaseInit)
    USART1_IRQHandler                        0x08003a85   Thumb Code    32  stm32f0xx_it.o(i.USART1_IRQHandler)
    USART2_IRQHandler                        0x08003b45   Thumb Code    32  stm32f0xx_it.o(i.USART2_IRQHandler)
    USART_Cmd                                0x08003b6d   Thumb Code    24  stm32f0xx_usart.o(i.USART_Cmd)
    USART_Config                             0x08003b85   Thumb Code    12  uart.o(i.USART_Config)
    USART_GetFlagStatus                      0x08003b91   Thumb Code    20  stm32f0xx_usart.o(i.USART_GetFlagStatus)
    USART_GetITStatus                        0x08003ba5   Thumb Code    78  stm32f0xx_usart.o(i.USART_GetITStatus)
    USART_ITConfig                           0x08003bf3   Thumb Code    66  stm32f0xx_usart.o(i.USART_ITConfig)
    USART_Init                               0x08003c35   Thumb Code   234  stm32f0xx_usart.o(i.USART_Init)
    USART_Receive                            0x08003d29   Thumb Code   172  uart.o(i.USART_Receive)
    USART_ReceiveData                        0x08003df9   Thumb Code    10  stm32f0xx_usart.o(i.USART_ReceiveData)
    USART_SendData                           0x08003e03   Thumb Code     8  stm32f0xx_usart.o(i.USART_SendData)
    USART_Transfer                           0x08003e0d   Thumb Code    28  uart.o(i.USART_Transfer)
    XFM10213_Reset_Gpio_Init                 0x08003e31   Thumb Code    54  gpio.o(i.XFM10213_Reset_Gpio_Init)
    __ARM_common_switch8                     0x08003e99   Thumb Code    28  main.o(i.__ARM_common_switch8)
    __kernel_poly                            0x08003eb5   Thumb Code   172  poly.o(i.__kernel_poly)
    __mathlib_dbl_divzero                    0x08003f61   Thumb Code    16  dunder.o(i.__mathlib_dbl_divzero)
    __mathlib_dbl_infnan                     0x08003f75   Thumb Code    10  dunder.o(i.__mathlib_dbl_infnan)
    __mathlib_dbl_invalid                    0x08003f7f   Thumb Code    16  dunder.o(i.__mathlib_dbl_invalid)
    _is_digit                                0x08003f8f   Thumb Code    14  __printf_wp.o(i._is_digit)
    _sys_exit                                0x08003f9d   Thumb Code     2  uart.o(i._sys_exit)
    beat                                     0x08003fa1   Thumb Code   206  stepmotor.o(i.beat)
    bsp_ClearKey                             0x0800408d   Thumb Code    10  bsp_key.o(i.bsp_ClearKey)
    bsp_ConfigGpioOut                        0x0800409d   Thumb Code    48  dlp_control.o(i.bsp_ConfigGpioOut)
    bsp_ConfigTimGpio                        0x080040cd   Thumb Code    70  dlp_control.o(i.bsp_ConfigTimGpio)
    bsp_DelayMS                              0x08004115   Thumb Code    38  bsp_delay.o(i.bsp_DelayMS)
    bsp_GetExitLine                          0x08004209   Thumb Code   160  gpio.o(i.bsp_GetExitLine)
    bsp_GetExitPinSource                     0x080042a9   Thumb Code   162  gpio.o(i.bsp_GetExitPinSource)
    bsp_GetExitPortOfGPIO                    0x0800434d   Thumb Code    56  gpio.o(i.bsp_GetExitPortOfGPIO)
    bsp_GetKey                               0x08004395   Thumb Code    46  bsp_key.o(i.bsp_GetKey)
    bsp_GetPinSource                         0x080043c9   Thumb Code   162  dlp_control.o(i.bsp_GetPinSource)
    bsp_GetRCCofGPIO                         0x0800446d   Thumb Code    60  dlp_control.o(i.bsp_GetRCCofGPIO)
    bsp_GetRCCofTIM                          0x080044b9   Thumb Code    90  dlp_control.o(i.bsp_GetRCCofTIM)
    bsp_InitIwdg                             0x08004531   Thumb Code    88  iwdg_model.o(i.bsp_InitIwdg)
    bsp_InitKey                              0x08004595   Thumb Code    12  bsp_key.o(i.bsp_InitKey)
    bsp_PutKey                               0x08004601   Thumb Code    28  bsp_key.o(i.bsp_PutKey)
    bsp_SetGpioExit                          0x08004621   Thumb Code   120  gpio.o(i.bsp_SetGpioExit)
    bsp_SetTIMOutPWM                         0x08004699   Thumb Code   476  dlp_control.o(i.bsp_SetTIMOutPWM)
    bsp_key_event_process                    0x08004895   Thumb Code    54  bsp_key.o(i.bsp_key_event_process)
    bsp_key_scan                             0x080048d1   Thumb Code    22  bsp_key.o(i.bsp_key_scan)
    buffer_stat                              0x080048e9   Thumb Code   106  uart.o(i.buffer_stat)
    fputc                                    0x08004969   Thumb Code    24  uart.o(i.fputc)
    fun_tick                                 0x08004985   Thumb Code    20  fun.o(i.fun_tick)
    get_light_value                          0x080049bd   Thumb Code    44  adc.o(i.get_light_value)
    get_rotate_speed                         0x080049f1   Thumb Code    16  fun.o(i.get_rotate_speed)
    get_temperauter_value                    0x08004a05   Thumb Code   584  adc.o(i.get_temperauter_value)
    log                                      0x08004d8d   Thumb Code   790  log.o(i.log)
    main                                     0x080050e1   Thumb Code   140  main.o(i.main)
    process                                  0x08005171   Thumb Code   728  main.o(i.process)
    regulate_fun                             0x08005461   Thumb Code    30  fun.o(i.regulate_fun)
    sum                                      0x0800547f   Thumb Code    30  uart.o(i.sum)
    temp_rpm_regulate                        0x0800549d   Thumb Code   486  fun.o(i.temp_rpm_regulate)
    xfm_ReadReg                              0x080056a9   Thumb Code   152  xfm10213_model.o(i.xfm_ReadReg)
    xfm_WriteReg                             0x0800575d   Thumb Code   124  xfm10213_model.o(i.xfm_WriteReg)
    xfm_init                                 0x080057f9   Thumb Code   154  xfm10213_model.o(i.xfm_init)
    xfm_irq_process                          0x08005929   Thumb Code   114  xfm10213_model.o(i.xfm_irq_process)
    xfm_load                                 0x080059a9   Thumb Code    86  xfm10213_model.o(i.xfm_load)
    __aeabi_cdcmpeq                          0x08005a45   Thumb Code     0  deqf.o(x$fpl$deqf)
    _dcmpeq                                  0x08005a45   Thumb Code    94  deqf.o(x$fpl$deqf)
    __aeabi_cdcmple                          0x08005aa9   Thumb Code     0  dlef.o(x$fpl$dleqf)
    _dcmple                                  0x08005aa9   Thumb Code    94  dlef.o(x$fpl$dleqf)
    __aeabi_cdrcmple                         0x08005b0d   Thumb Code     0  drlef.o(x$fpl$drleqf)
    _drcmple                                 0x08005b0d   Thumb Code   100  drlef.o(x$fpl$drleqf)
    __aeabi_fadd                             0x08005b75   Thumb Code     0  faddsub.o(x$fpl$fadd)
    _fadd                                    0x08005b75   Thumb Code   134  faddsub.o(x$fpl$fadd)
    __aeabi_fmul                             0x08005c01   Thumb Code     0  fmul.o(x$fpl$fmul)
    _fmul                                    0x08005c01   Thumb Code   172  fmul.o(x$fpl$fmul)
    __aeabi_fsub                             0x08005cb1   Thumb Code     0  faddsub.o(x$fpl$fsub)
    _fsub                                    0x08005cb1   Thumb Code   204  faddsub.o(x$fpl$fsub)
    __I$use$fp                               0x08005d80   Number         0  usenofp.o(x$fpl$usenofp)
    ldr                                      0x08005df8   Data       16336  xfm10213_model.o(.constdata)
    __mathlib_zero                           0x08009f00   Data           8  qnan.o(.constdata)
    Region$$Table$$Base                      0x08009f08   Number         0  anon$$obj.o(Region$$Table)
    Region$$Table$$Limit                     0x08009f28   Number         0  anon$$obj.o(Region$$Table)
    SystemCoreClock                          0x20000000   Data           4  system_stm32f0xx.o(.data)
    AHBPrescTable                            0x20000004   Data          16  system_stm32f0xx.o(.data)
    IC2ReadValue1                            0x20000014   Data           8  stm32f0xx_it.o(.data)
    IC2ReadValue2                            0x2000001c   Data           8  stm32f0xx_it.o(.data)
    CaptureNumber                            0x20000024   Data           4  stm32f0xx_it.o(.data)
    Capture                                  0x20000028   Data           8  stm32f0xx_it.o(.data)
    warning                                  0x20000031   Data           1  main.o(.data)
    TxBuffer                                 0x20000034   Data           8  uart.o(.data)
    RxBuffer                                 0x2000003c   Data           8  uart.o(.data)
    NbrOfDataToRead                          0x20000044   Data           1  uart.o(.data)
    TxCount                                  0x20000045   Data           1  uart.o(.data)
    RxCount                                  0x20000046   Data           2  uart.o(.data)
    TimeOut                                  0x20000048   Data           4  uart.o(.data)
    mode                                     0x2000004c   Data           1  uart.o(.data)
    __stdout                                 0x20000050   Data           4  uart.o(.data)
    TimerPeriod                              0x20000054   Data           2  fun.o(.data)
    TIM2CHFreq                               0x20000058   Data           8  fun.o(.data)
    funtime                                  0x20000060   Data           4  fun.o(.data)
    env1_node                                0x20000064   Data           5  fun.o(.data)
    env2_node                                0x20000082   Data           3  fun.o(.data)
    BeatCycle                                0x20000088   Data           4  stepmotor.o(.data)
    rotate                                   0x2000008c   Data           1  stepmotor.o(.data)
    beats                                    0x20000090   Data           4  stepmotor.o(.data)
    beatCount                                0x20000094   Data           4  stepmotor.o(.data)
    g_648_work_state                         0x2000009b   Data           1  gpio.o(.data)
    g_wifi_wake_flag                         0x2000009c   Data           1  gpio.o(.data)
    g_dlp_out_pwm_TIM_Period                 0x200000ac   Data           2  dlp_control.o(.data)
    g_DlpFrequency                           0x200000b0   Data           4  dlp_control.o(.data)
    g_uiDelayCount                           0x200000c8   Data           4  bsp_delay.o(.data)
    LsiFreq                                  0x200000d0   Data           4  iwdg_model.o(.data)
    ringbuf                                  0x200000e4   Data         258  uart.o(.bss)
    RegularConvData_Tab                      0x200001e6   Data          10  adc.o(.bss)
    __libspace_start                         0x200001fc   Data          96  libspace.o(.bss)
    __temporary_stack_top$libspace           0x2000025c   Data           0  libspace.o(.bss)



==============================================================================

Memory Map of the image

  Image Entry point : 0x080000bd

  Load Region LR_IROM1 (Base: 0x08000000, Size: 0x0000a00c, Max: 0x00010000, ABSOLUTE)

    Execution Region ER_IROM1 (Exec base: 0x08000000, Load base: 0x08000000, Size: 0x00009f28, Max: 0x00010000, ABSOLUTE)

    Exec Addr    Load Addr    Size         Type   Attr      Idx    E Section Name        Object

    0x08000000   0x08000000   0x000000bc   Data   RO            3    RESET               startup_stm32f051x8.o
    0x080000bc   0x080000bc   0x00000008   Code   RO         3825  * !!!main             c_p.l(__main.o)
    0x080000c4   0x080000c4   0x0000003c   Code   RO         4084    !!!scatter          c_p.l(__scatter.o)
    0x08000100   0x08000100   0x0000001a   Code   RO         4086    !!handler_copy      c_p.l(__scatter_copy.o)
    0x0800011a   0x0800011a   0x00000002   PAD
    0x0800011c   0x0800011c   0x0000001c   Code   RO         4088    !!handler_zi        c_p.l(__scatter_zi.o)
    0x08000138   0x08000138   0x00000002   Code   RO         3810    .ARM.Collect$$_printf_percent$$00000000  c_p.l(_printf_percent.o)
    0x0800013a   0x0800013a   0x0000000a   Code   RO         3809    .ARM.Collect$$_printf_percent$$00000009  c_p.l(_printf_d.o)
    0x08000144   0x08000144   0x0000000a   Code   RO         3808    .ARM.Collect$$_printf_percent$$0000000C  c_p.l(_printf_x.o)
    0x0800014e   0x0800014e   0x00000004   Code   RO         3880    .ARM.Collect$$_printf_percent$$00000017  c_p.l(_printf_percent_end.o)
    0x08000152   0x08000152   0x00000002   Code   RO         3958    .ARM.Collect$$libinit$$00000000  c_p.l(libinit.o)
    0x08000154   0x08000154   0x00000000   Code   RO         3971    .ARM.Collect$$libinit$$00000002  c_p.l(libinit2.o)
    0x08000154   0x08000154   0x00000000   Code   RO         3973    .ARM.Collect$$libinit$$00000004  c_p.l(libinit2.o)
    0x08000154   0x08000154   0x00000000   Code   RO         3976    .ARM.Collect$$libinit$$0000000A  c_p.l(libinit2.o)
    0x08000154   0x08000154   0x00000000   Code   RO         3978    .ARM.Collect$$libinit$$0000000C  c_p.l(libinit2.o)
    0x08000154   0x08000154   0x00000000   Code   RO         3980    .ARM.Collect$$libinit$$0000000E  c_p.l(libinit2.o)
    0x08000154   0x08000154   0x00000000   Code   RO         3983    .ARM.Collect$$libinit$$00000011  c_p.l(libinit2.o)
    0x08000154   0x08000154   0x00000000   Code   RO         3985    .ARM.Collect$$libinit$$00000013  c_p.l(libinit2.o)
    0x08000154   0x08000154   0x00000000   Code   RO         3987    .ARM.Collect$$libinit$$00000015  c_p.l(libinit2.o)
    0x08000154   0x08000154   0x00000000   Code   RO         3989    .ARM.Collect$$libinit$$00000017  c_p.l(libinit2.o)
    0x08000154   0x08000154   0x00000000   Code   RO         3991    .ARM.Collect$$libinit$$00000019  c_p.l(libinit2.o)
    0x08000154   0x08000154   0x00000000   Code   RO         3993    .ARM.Collect$$libinit$$0000001B  c_p.l(libinit2.o)
    0x08000154   0x08000154   0x00000000   Code   RO         3995    .ARM.Collect$$libinit$$0000001D  c_p.l(libinit2.o)
    0x08000154   0x08000154   0x00000000   Code   RO         3997    .ARM.Collect$$libinit$$0000001F  c_p.l(libinit2.o)
    0x08000154   0x08000154   0x00000000   Code   RO         3999    .ARM.Collect$$libinit$$00000021  c_p.l(libinit2.o)
    0x08000154   0x08000154   0x00000000   Code   RO         4001    .ARM.Collect$$libinit$$00000023  c_p.l(libinit2.o)
    0x08000154   0x08000154   0x00000000   Code   RO         4003    .ARM.Collect$$libinit$$00000025  c_p.l(libinit2.o)
    0x08000154   0x08000154   0x00000000   Code   RO         4007    .ARM.Collect$$libinit$$0000002C  c_p.l(libinit2.o)
    0x08000154   0x08000154   0x00000000   Code   RO         4009    .ARM.Collect$$libinit$$0000002E  c_p.l(libinit2.o)
    0x08000154   0x08000154   0x00000000   Code   RO         4011    .ARM.Collect$$libinit$$00000030  c_p.l(libinit2.o)
    0x08000154   0x08000154   0x00000000   Code   RO         4013    .ARM.Collect$$libinit$$00000032  c_p.l(libinit2.o)
    0x08000154   0x08000154   0x00000002   Code   RO         4014    .ARM.Collect$$libinit$$00000033  c_p.l(libinit2.o)
    0x08000156   0x08000156   0x00000002   Code   RO         4040    .ARM.Collect$$libshutdown$$00000000  c_p.l(libshutdown.o)
    0x08000158   0x08000158   0x00000000   Code   RO         4067    .ARM.Collect$$libshutdown$$00000002  c_p.l(libshutdown2.o)
    0x08000158   0x08000158   0x00000000   Code   RO         4069    .ARM.Collect$$libshutdown$$00000004  c_p.l(libshutdown2.o)
    0x08000158   0x08000158   0x00000000   Code   RO         4072    .ARM.Collect$$libshutdown$$00000007  c_p.l(libshutdown2.o)
    0x08000158   0x08000158   0x00000000   Code   RO         4075    .ARM.Collect$$libshutdown$$0000000A  c_p.l(libshutdown2.o)
    0x08000158   0x08000158   0x00000000   Code   RO         4077    .ARM.Collect$$libshutdown$$0000000C  c_p.l(libshutdown2.o)
    0x08000158   0x08000158   0x00000000   Code   RO         4080    .ARM.Collect$$libshutdown$$0000000F  c_p.l(libshutdown2.o)
    0x08000158   0x08000158   0x00000002   Code   RO         4081    .ARM.Collect$$libshutdown$$00000010  c_p.l(libshutdown2.o)
    0x0800015a   0x0800015a   0x00000000   Code   RO         3869    .ARM.Collect$$rtentry$$00000000  c_p.l(__rtentry.o)
    0x0800015a   0x0800015a   0x00000000   Code   RO         3908    .ARM.Collect$$rtentry$$00000002  c_p.l(__rtentry2.o)
    0x0800015a   0x0800015a   0x00000006   Code   RO         3920    .ARM.Collect$$rtentry$$00000004  c_p.l(__rtentry4.o)
    0x08000160   0x08000160   0x00000000   Code   RO         3910    .ARM.Collect$$rtentry$$00000009  c_p.l(__rtentry2.o)
    0x08000160   0x08000160   0x00000004   Code   RO         3911    .ARM.Collect$$rtentry$$0000000A  c_p.l(__rtentry2.o)
    0x08000164   0x08000164   0x00000000   Code   RO         3913    .ARM.Collect$$rtentry$$0000000C  c_p.l(__rtentry2.o)
    0x08000164   0x08000164   0x00000008   Code   RO         3914    .ARM.Collect$$rtentry$$0000000D  c_p.l(__rtentry2.o)
    0x0800016c   0x0800016c   0x00000002   Code   RO         3962    .ARM.Collect$$rtexit$$00000000  c_p.l(rtexit.o)
    0x0800016e   0x0800016e   0x00000000   Code   RO         4016    .ARM.Collect$$rtexit$$00000002  c_p.l(rtexit2.o)
    0x0800016e   0x0800016e   0x00000004   Code   RO         4017    .ARM.Collect$$rtexit$$00000003  c_p.l(rtexit2.o)
    0x08000172   0x08000172   0x00000006   Code   RO         4018    .ARM.Collect$$rtexit$$00000004  c_p.l(rtexit2.o)
    0x08000178   0x08000178   0x00000038   Code   RO         3811    .emb_text           c_p.l(rt_memcpy.o)
    0x080001b0   0x080001b0   0x00000038   Code   RO            4    .text               startup_stm32f051x8.o
    0x080001e8   0x080001e8   0x00000002   Code   RO         3755    .text               c_p.l(use_no_semi_2.o)
    0x080001ea   0x080001ea   0x00000002   PAD
    0x080001ec   0x080001ec   0x0000001c   Code   RO         3759    .text               c_p.l(noretval__2printf.o)
    0x08000208   0x08000208   0x0000004e   Code   RO         3763    .text               c_p.l(_printf_pad.o)
    0x08000256   0x08000256   0x00000002   PAD
    0x08000258   0x08000258   0x0000006c   Code   RO         3765    .text               c_p.l(_printf_dec.o)
    0x080002c4   0x080002c4   0x00000058   Code   RO         3770    .text               c_p.l(_printf_hex_int.o)
    0x0800031c   0x0800031c   0x00000138   Code   RO         3800    .text               c_p.l(__printf_flags_wp.o)
    0x08000454   0x08000454   0x00000082   Code   RO         3812    .text               c_p.l(rt_memcpy.o)
    0x080004d6   0x080004d6   0x00000012   Code   RO         3815    .text               c_p.l(aeabi_memset.o)
    0x080004e8   0x080004e8   0x00000040   Code   RO         3817    .text               c_p.l(rt_memclr.o)
    0x08000528   0x08000528   0x0000015a   Code   RO         3819    .text               c_p.l(aeabi_sdiv.o)
    0x08000682   0x08000682   0x00000006   Code   RO         3823    .text               c_p.l(heapauxi.o)
    0x08000688   0x08000688   0x00000358   Code   RO         3827    .text               fz_ps.l(daddsub.o)
    0x080009e0   0x080009e0   0x00000448   Code   RO         3829    .text               fz_ps.l(ddiv.o)
    0x08000e28   0x08000e28   0x00000048   Code   RO         3832    .text               fz_ps.l(dfixui.o)
    0x08000e70   0x08000e70   0x00000058   Code   RO         3834    .text               fz_ps.l(dflti.o)
    0x08000ec8   0x08000ec8   0x00000248   Code   RO         3838    .text               fz_ps.l(dmul.o)
    0x08001110   0x08001110   0x00000160   Code   RO         3848    .text               fz_ps.l(fdiv.o)
    0x08001270   0x08001270   0x00000030   Code   RO         3851    .text               fz_ps.l(ffixui.o)
    0x080012a0   0x080012a0   0x0000005e   Code   RO         3853    .text               fz_ps.l(fflti.o)
    0x080012fe   0x080012fe   0x00000002   Code   RO         3867    .text               c_p.l(use_no_semi.o)
    0x08001300   0x08001300   0x00000016   Code   RO         3874    .text               c_p.l(_rserrno.o)
    0x08001316   0x08001316   0x000000b0   Code   RO         3876    .text               c_p.l(_printf_intcommon.o)
    0x080013c6   0x080013c6   0x00000002   PAD
    0x080013c8   0x080013c8   0x00000028   Code   RO         3878    .text               c_p.l(_printf_char_file.o)
    0x080013f0   0x080013f0   0x00000028   Code   RO         3881    .text               c_p.l(rtudiv10.o)
    0x08001418   0x08001418   0x00000090   Code   RO         3883    .text               fz_ps.l(dcmpin.o)
    0x080014a8   0x080014a8   0x00000060   Code   RO         3887    .text               fz_ps.l(dscalbn.o)
    0x08001508   0x08001508   0x00000008   Code   RO         3927    .text               c_p.l(rt_errno_addr_intlibspace.o)
    0x08001510   0x08001510   0x00000030   Code   RO         3929    .text               c_p.l(_printf_char_common.o)
    0x08001540   0x08001540   0x00000008   Code   RO         3931    .text               c_p.l(ferror.o)
    0x08001548   0x08001548   0x0000002e   Code   RO         3935    .text               fz_ps.l(cmpret.o)
    0x08001576   0x08001576   0x00000002   PAD
    0x08001578   0x08001578   0x00000014   Code   RO         3937    .text               fz_ps.l(dnan2.o)
    0x0800158c   0x0800158c   0x00000008   Code   RO         3939    .text               c_p.l(libspace.o)
    0x08001594   0x08001594   0x0000003e   Code   RO         3942    .text               c_p.l(sys_stackheap_outer.o)
    0x080015d2   0x080015d2   0x00000010   Code   RO         3947    .text               c_p.l(exit.o)
    0x080015e2   0x080015e2   0x0000005e   Code   RO         3959    .text               fz_ps.l(retnan.o)
    0x08001640   0x08001640   0x00000018   Code   RO         2775    i.ADC_ChannelConfig  stm32f0xx_adc.o
    0x08001658   0x08001658   0x00000018   Code   RO         2778    i.ADC_Cmd           stm32f0xx_adc.o
    0x08001670   0x08001670   0x0000014c   Code   RO          556    i.ADC_Config_Init   adc.o
    0x080017bc   0x080017bc   0x00000018   Code   RO         2780    i.ADC_DMACmd        stm32f0xx_adc.o
    0x080017d4   0x080017d4   0x00000010   Code   RO         2781    i.ADC_DMARequestModeConfig  stm32f0xx_adc.o
    0x080017e4   0x080017e4   0x00000020   Code   RO         2782    i.ADC_DeInit        stm32f0xx_adc.o
    0x08001804   0x08001804   0x0000003c   Code   RO         2784    i.ADC_GetCalibrationFactor  stm32f0xx_adc.o
    0x08001840   0x08001840   0x00000030   Code   RO         2786    i.ADC_GetFlagStatus  stm32f0xx_adc.o
    0x08001870   0x08001870   0x0000002c   Code   RO         2789    i.ADC_Init          stm32f0xx_adc.o
    0x0800189c   0x0800189c   0x0000000a   Code   RO         2792    i.ADC_StartOfConversion  stm32f0xx_adc.o
    0x080018a6   0x080018a6   0x00000010   Code   RO         2794    i.ADC_StructInit    stm32f0xx_adc.o
    0x080018b6   0x080018b6   0x00000008   Code   RO          973    i.DLP_Init          dlp_control.o
    0x080018be   0x080018be   0x00000002   PAD
    0x080018c0   0x080018c0   0x0000001c   Code   RO         2956    i.DMA_Cmd           stm32f0xx_dma.o
    0x080018dc   0x080018dc   0x000000a0   Code   RO         2957    i.DMA_DeInit        stm32f0xx_dma.o
    0x0800197c   0x0800197c   0x00000040   Code   RO         2962    i.DMA_Init          stm32f0xx_dma.o
    0x080019bc   0x080019bc   0x0000013c   Code   RO          838    i.EXTI4_15_IRQHandler  gpio.o
    0x08001af8   0x08001af8   0x0000000c   Code   RO         3325    i.EXTI_ClearITPendingBit  stm32f0xx_exti.o
    0x08001b04   0x08001b04   0x00000028   Code   RO         3329    i.EXTI_GetITStatus  stm32f0xx_exti.o
    0x08001b2c   0x08001b2c   0x00000088   Code   RO         3330    i.EXTI_Init         stm32f0xx_exti.o
    0x08001bb4   0x08001bb4   0x0000000c   Code   RO         3088    i.FLASH_ClearFlag   stm32f0xx_flash.o
    0x08001bc0   0x08001bc0   0x0000004c   Code   RO         3090    i.FLASH_ErasePage   stm32f0xx_flash.o
    0x08001c0c   0x08001c0c   0x0000003c   Code   RO         3093    i.FLASH_GetStatus   stm32f0xx_flash.o
    0x08001c48   0x08001c48   0x0000002c   Code   RO          662    i.FLASH_If_Erase    flash_if.o
    0x08001c74   0x08001c74   0x00000018   Code   RO          663    i.FLASH_If_GetEnv   flash_if.o
    0x08001c8c   0x08001c8c   0x0000000e   Code   RO          665    i.FLASH_If_Init     flash_if.o
    0x08001c9a   0x08001c9a   0x00000002   PAD
    0x08001c9c   0x08001c9c   0x00000050   Code   RO          666    i.FLASH_If_Write    flash_if.o
    0x08001cec   0x08001cec   0x0000006c   Code   RO         3113    i.FLASH_ProgramWord  stm32f0xx_flash.o
    0x08001d58   0x08001d58   0x00000024   Code   RO         3115    i.FLASH_Unlock      stm32f0xx_flash.o
    0x08001d7c   0x08001d7c   0x00000028   Code   RO         3116    i.FLASH_WaitForLastOperation  stm32f0xx_flash.o
    0x08001da4   0x08001da4   0x00000110   Code   RO          414    i.Fun_PWM_Config    fun.o
    0x08001eb4   0x08001eb4   0x000000cc   Code   RO          415    i.Fun_Speed_Config  fun.o
    0x08001f80   0x08001f80   0x00000090   Code   RO         1273    i.GPIO_Init         stm32f0xx_gpio.o
    0x08002010   0x08002010   0x00000044   Code   RO         1274    i.GPIO_PinAFConfig  stm32f0xx_gpio.o
    0x08002054   0x08002054   0x00000058   Code   RO          839    i.GPIO_Pin_Init     gpio.o
    0x080020ac   0x080020ac   0x00000014   Code   RO         1277    i.GPIO_ReadInputDataBit  stm32f0xx_gpio.o
    0x080020c0   0x080020c0   0x00000004   Code   RO         1280    i.GPIO_ResetBits    stm32f0xx_gpio.o
    0x080020c4   0x080020c4   0x00000004   Code   RO         1281    i.GPIO_SetBits      stm32f0xx_gpio.o
    0x080020c8   0x080020c8   0x0000000c   Code   RO         1284    i.GPIO_WriteBit     stm32f0xx_gpio.o
    0x080020d4   0x080020d4   0x00000028   Code   RO          126    i.HardFault_Handler  stm32f0xx_it.o
    0x080020fc   0x080020fc   0x00000034   Code   RO          707    i.I2C_Ack           iso_i2c_gpio.o
    0x08002130   0x08002130   0x00000030   Code   RO          708    i.I2C_Bus_Free      iso_i2c_gpio.o
    0x08002160   0x08002160   0x00000070   Code   RO          709    i.I2C_CheckDevice   iso_i2c_gpio.o
    0x080021d0   0x080021d0   0x0000001c   Code   RO          710    i.I2C_Delay         iso_i2c_gpio.o
    0x080021ec   0x080021ec   0x00000088   Code   RO          711    i.I2C_GPIO_Config   iso_i2c_gpio.o
    0x08002274   0x08002274   0x0000002c   Code   RO          712    i.I2C_NAck          iso_i2c_gpio.o
    0x080022a0   0x080022a0   0x00000044   Code   RO          713    i.I2C_Probe         iso_i2c_gpio.o
    0x080022e4   0x080022e4   0x00000044   Code   RO          714    i.I2C_ReadByte      iso_i2c_gpio.o
    0x08002328   0x08002328   0x0000005c   Code   RO          715    i.I2C_SendByte      iso_i2c_gpio.o
    0x08002384   0x08002384   0x00000034   Code   RO          716    i.I2C_Start         iso_i2c_gpio.o
    0x080023b8   0x080023b8   0x00000028   Code   RO          717    i.I2C_Stop          iso_i2c_gpio.o
    0x080023e0   0x080023e0   0x00000040   Code   RO          718    i.I2C_WaitAck       iso_i2c_gpio.o
    0x08002420   0x08002420   0x00000036   Code   RO          840    i.I94113_Reset_Gpio_Init  gpio.o
    0x08002456   0x08002456   0x00000002   PAD
    0x08002458   0x08002458   0x00000010   Code   RO         3272    i.IWDG_Enable       stm32f0xx_iwdg.o
    0x08002468   0x08002468   0x00000008   Code   RO         1247    i.IWDG_Feed         iwdg_model.o
    0x08002470   0x08002470   0x00000010   Code   RO         3274    i.IWDG_ReloadCounter  stm32f0xx_iwdg.o
    0x08002480   0x08002480   0x0000000c   Code   RO         3275    i.IWDG_SetPrescaler  stm32f0xx_iwdg.o
    0x0800248c   0x0800248c   0x0000000c   Code   RO         3276    i.IWDG_SetReload    stm32f0xx_iwdg.o
    0x08002498   0x08002498   0x0000000c   Code   RO         3278    i.IWDG_WriteAccessCmd  stm32f0xx_iwdg.o
    0x080024a4   0x080024a4   0x0000001c   Code   RO         1067    i.IsKeyDown         bsp_key.o
    0x080024c0   0x080024c0   0x00000028   Code   RO          291    i.LED_Close         led.o
    0x080024e8   0x080024e8   0x00000050   Code   RO          292    i.LED_Init          led.o
    0x08002538   0x08002538   0x00000028   Code   RO          293    i.LED_Open          led.o
    0x08002560   0x08002560   0x00000020   Code   RO          127    i.NMI_Handler       stm32f0xx_it.o
    0x08002580   0x08002580   0x00000070   Code   RO         2742    i.NVIC_Init         stm32f0xx_misc.o
    0x080025f0   0x080025f0   0x00000078   Code   RO          325    i.NVIC_SetPriority  uart.o
    0x08002668   0x08002668   0x0000002c   Code   RO          976    i.OutPwmToDLP_Init  dlp_control.o
    0x08002694   0x08002694   0x00000050   Code   RO          416    i.PWM_Set_Pulse     fun.o
    0x080026e4   0x080026e4   0x00000024   Code   RO          128    i.PendSV_Handler    stm32f0xx_it.o
    0x08002708   0x08002708   0x0000005a   Code   RO          489    i.PhaseA            stepmotor.o
    0x08002762   0x08002762   0x0000005a   Code   RO          490    i.PhaseB            stepmotor.o
    0x080027bc   0x080027bc   0x00000020   Code   RO         1623    i.RCC_AHBPeriphClockCmd  stm32f0xx_rcc.o
    0x080027dc   0x080027dc   0x00000020   Code   RO         1625    i.RCC_APB1PeriphClockCmd  stm32f0xx_rcc.o
    0x080027fc   0x080027fc   0x00000020   Code   RO         1627    i.RCC_APB2PeriphClockCmd  stm32f0xx_rcc.o
    0x0800281c   0x0800281c   0x00000020   Code   RO         1628    i.RCC_APB2PeriphResetCmd  stm32f0xx_rcc.o
    0x0800283c   0x0800283c   0x00000014   Code   RO         1633    i.RCC_ClearFlag     stm32f0xx_rcc.o
    0x08002850   0x08002850   0x00000170   Code   RO         1637    i.RCC_GetClocksFreq  stm32f0xx_rcc.o
    0x080029c0   0x080029c0   0x00000048   Code   RO         1638    i.RCC_GetFlagStatus  stm32f0xx_rcc.o
    0x08002a08   0x08002a08   0x00000024   Code   RO         1650    i.RCC_LSICmd        stm32f0xx_rcc.o
    0x08002a2c   0x08002a2c   0x0000001c   Code   RO          491    i.SM_Fault          stepmotor.o
    0x08002a48   0x08002a48   0x00000010   Code   RO          492    i.SM_Limit          stepmotor.o
    0x08002a58   0x08002a58   0x00000010   Code   RO          494    i.SM_Sleep          stepmotor.o
    0x08002a68   0x08002a68   0x00000010   Code   RO          495    i.SM_Wake           stepmotor.o
    0x08002a78   0x08002a78   0x00000020   Code   RO          129    i.SVC_Handler       stm32f0xx_it.o
    0x08002a98   0x08002a98   0x00000040   Code   RO         3034    i.SYSCFG_EXTILineConfig  stm32f0xx_syscfg.o
    0x08002ad8   0x08002ad8   0x000000d8   Code   RO           11    i.SetSysClock       system_stm32f0xx.o
    0x08002bb0   0x08002bb0   0x000000a4   Code   RO          496    i.StepMotor_Config  stepmotor.o
    0x08002c54   0x08002c54   0x0000004c   Code   RO          841    i.Stm32_Input_GPIO_Init  gpio.o
    0x08002ca0   0x08002ca0   0x00000088   Code   RO          842    i.Stm32_Output_To_648_Gpio_Init  gpio.o
    0x08002d28   0x08002d28   0x0000005c   Code   RO          843    i.Stm32_Reset_I94113_Chip_Loop  gpio.o
    0x08002d84   0x08002d84   0x00000060   Code   RO          845    i.Stm32_Reset_XFM10213_Chip_Loop  gpio.o
    0x08002de4   0x08002de4   0x00000010   Code   RO          846    i.Stm32_Reset_XFM10213_Chip_Trigger  gpio.o
    0x08002df4   0x08002df4   0x00000048   Code   RO          847    i.Stm32_Set_Gpio_Ouput  gpio.o
    0x08002e3c   0x08002e3c   0x00000020   Code   RO          848    i.Stm32_Wake_Mstar648_Chip_Disable  gpio.o
    0x08002e5c   0x08002e5c   0x00000010   Code   RO          849    i.Stm32_Wake_Mstar648_Chip_Enable  gpio.o
    0x08002e6c   0x08002e6c   0x00000070   Code   RO          850    i.Stm32_Wake_Mstar648_Chip_Loop  gpio.o
    0x08002edc   0x08002edc   0x00000038   Code   RO          851    i.Stm32_Wake_Mstar648_Gpio_Init  gpio.o
    0x08002f14   0x08002f14   0x00000058   Code   RO          326    i.SysTickConfig     uart.o
    0x08002f6c   0x08002f6c   0x00000074   Code   RO          130    i.SysTick_Handler   stm32f0xx_it.o
    0x08002fe0   0x08002fe0   0x0000007c   Code   RO           13    i.SystemInit        system_stm32f0xx.o
    0x0800305c   0x0800305c   0x00000038   Code   RO         1868    i.TI1_Config        stm32f0xx_tim.o
    0x08003094   0x08003094   0x0000004c   Code   RO         1869    i.TI2_Config        stm32f0xx_tim.o
    0x080030e0   0x080030e0   0x00000048   Code   RO         1870    i.TI3_Config        stm32f0xx_tim.o
    0x08003128   0x08003128   0x00000050   Code   RO         1871    i.TI4_Config        stm32f0xx_tim.o
    0x08003178   0x08003178   0x000001f8   Code   RO          977    i.TIM16_IRQHandler  dlp_control.o
    0x08003370   0x08003370   0x000001c8   Code   RO          131    i.TIM2_IRQHandler   stm32f0xx_it.o
    0x08003538   0x08003538   0x0000001c   Code   RO         1872    i.TIM_ARRPreloadConfig  stm32f0xx_tim.o
    0x08003554   0x08003554   0x00000006   Code   RO         1878    i.TIM_ClearFlag     stm32f0xx_tim.o
    0x0800355a   0x0800355a   0x00000006   Code   RO         1879    i.TIM_ClearITPendingBit  stm32f0xx_tim.o
    0x08003560   0x08003560   0x0000001c   Code   RO         1884    i.TIM_Cmd           stm32f0xx_tim.o
    0x0800357c   0x0800357c   0x00000022   Code   RO         1886    i.TIM_CtrlPWMOutputs  stm32f0xx_tim.o
    0x0800359e   0x0800359e   0x00000006   Code   RO         1899    i.TIM_GetCapture1   stm32f0xx_tim.o
    0x080035a4   0x080035a4   0x00000006   Code   RO         1900    i.TIM_GetCapture2   stm32f0xx_tim.o
    0x080035aa   0x080035aa   0x00000006   Code   RO         1901    i.TIM_GetCapture3   stm32f0xx_tim.o
    0x080035b0   0x080035b0   0x00000006   Code   RO         1902    i.TIM_GetCapture4   stm32f0xx_tim.o
    0x080035b6   0x080035b6   0x00000014   Code   RO         1904    i.TIM_GetFlagStatus  stm32f0xx_tim.o
    0x080035ca   0x080035ca   0x00000026   Code   RO         1905    i.TIM_GetITStatus   stm32f0xx_tim.o
    0x080035f0   0x080035f0   0x00000070   Code   RO         1907    i.TIM_ICInit        stm32f0xx_tim.o
    0x08003660   0x08003660   0x00000014   Code   RO         1909    i.TIM_ITConfig      stm32f0xx_tim.o
    0x08003674   0x08003674   0x00000094   Code   RO         1913    i.TIM_OC1Init       stm32f0xx_tim.o
    0x08003708   0x08003708   0x00000018   Code   RO         1916    i.TIM_OC1PreloadConfig  stm32f0xx_tim.o
    0x08003720   0x08003720   0x0000009c   Code   RO         1918    i.TIM_OC2Init       stm32f0xx_tim.o
    0x080037bc   0x080037bc   0x00000018   Code   RO         1921    i.TIM_OC2PreloadConfig  stm32f0xx_tim.o
    0x080037d4   0x080037d4   0x00000098   Code   RO         1923    i.TIM_OC3Init       stm32f0xx_tim.o
    0x0800386c   0x0800386c   0x00000018   Code   RO         1926    i.TIM_OC3PreloadConfig  stm32f0xx_tim.o
    0x08003884   0x08003884   0x00000070   Code   RO         1928    i.TIM_OC4Init       stm32f0xx_tim.o
    0x080038f4   0x080038f4   0x00000018   Code   RO         1930    i.TIM_OC4PreloadConfig  stm32f0xx_tim.o
    0x0800390c   0x0800390c   0x00000004   Code   RO         1947    i.TIM_SetCompare1   stm32f0xx_tim.o
    0x08003910   0x08003910   0x00000004   Code   RO         1950    i.TIM_SetCompare4   stm32f0xx_tim.o
    0x08003914   0x08003914   0x00000014   Code   RO         1952    i.TIM_SetIC1Prescaler  stm32f0xx_tim.o
    0x08003928   0x08003928   0x00000018   Code   RO         1953    i.TIM_SetIC2Prescaler  stm32f0xx_tim.o
    0x08003940   0x08003940   0x00000014   Code   RO         1954    i.TIM_SetIC3Prescaler  stm32f0xx_tim.o
    0x08003954   0x08003954   0x00000018   Code   RO         1955    i.TIM_SetIC4Prescaler  stm32f0xx_tim.o
    0x0800396c   0x0800396c   0x0000007c   Code   RO         1957    i.TIM_TimeBaseInit  stm32f0xx_tim.o
    0x080039e8   0x080039e8   0x0000009c   Code   RO          327    i.USART1_Config     uart.o
    0x08003a84   0x08003a84   0x00000028   Code   RO          132    i.USART1_IRQHandler  stm32f0xx_it.o
    0x08003aac   0x08003aac   0x00000098   Code   RO          328    i.USART2_Config     uart.o
    0x08003b44   0x08003b44   0x00000028   Code   RO          133    i.USART2_IRQHandler  stm32f0xx_it.o
    0x08003b6c   0x08003b6c   0x00000018   Code   RO         2440    i.USART_Cmd         stm32f0xx_usart.o
    0x08003b84   0x08003b84   0x0000000c   Code   RO          329    i.USART_Config      uart.o
    0x08003b90   0x08003b90   0x00000014   Code   RO         2448    i.USART_GetFlagStatus  stm32f0xx_usart.o
    0x08003ba4   0x08003ba4   0x0000004e   Code   RO         2449    i.USART_GetITStatus  stm32f0xx_usart.o
    0x08003bf2   0x08003bf2   0x00000042   Code   RO         2451    i.USART_ITConfig    stm32f0xx_usart.o
    0x08003c34   0x08003c34   0x000000f4   Code   RO         2452    i.USART_Init        stm32f0xx_usart.o
    0x08003d28   0x08003d28   0x000000d0   Code   RO          330    i.USART_Receive     uart.o
    0x08003df8   0x08003df8   0x0000000a   Code   RO         2464    i.USART_ReceiveData  stm32f0xx_usart.o
    0x08003e02   0x08003e02   0x00000008   Code   RO         2469    i.USART_SendData    stm32f0xx_usart.o
    0x08003e0a   0x08003e0a   0x00000002   PAD
    0x08003e0c   0x08003e0c   0x00000024   Code   RO          331    i.USART_Transfer    uart.o
    0x08003e30   0x08003e30   0x0000003c   Code   RO          852    i.XFM10213_Reset_Gpio_Init  gpio.o
    0x08003e6c   0x08003e6c   0x0000002c   Code   RO          332    i._USART_Transfer   uart.o
    0x08003e98   0x08003e98   0x0000001c   Code   RO          245    i.__ARM_common_switch8  main.o
    0x08003eb4   0x08003eb4   0x000000ac   Code   RO         3904    i.__kernel_poly     m_ps.l(poly.o)
    0x08003f60   0x08003f60   0x00000014   Code   RO         3890    i.__mathlib_dbl_divzero  m_ps.l(dunder.o)
    0x08003f74   0x08003f74   0x0000000a   Code   RO         3891    i.__mathlib_dbl_infnan  m_ps.l(dunder.o)
    0x08003f7e   0x08003f7e   0x00000010   Code   RO         3893    i.__mathlib_dbl_invalid  m_ps.l(dunder.o)
    0x08003f8e   0x08003f8e   0x0000000e   Code   RO         3798    i._is_digit         c_p.l(__printf_wp.o)
    0x08003f9c   0x08003f9c   0x00000002   Code   RO          333    i._sys_exit         uart.o
    0x08003f9e   0x08003f9e   0x00000002   PAD
    0x08003fa0   0x08003fa0   0x000000ec   Code   RO          497    i.beat              stepmotor.o
    0x0800408c   0x0800408c   0x00000010   Code   RO         1073    i.bsp_ClearKey      bsp_key.o
    0x0800409c   0x0800409c   0x00000030   Code   RO          978    i.bsp_ConfigGpioOut  dlp_control.o
    0x080040cc   0x080040cc   0x00000046   Code   RO          979    i.bsp_ConfigTimGpio  dlp_control.o
    0x08004112   0x08004112   0x00000002   PAD
    0x08004114   0x08004114   0x0000002c   Code   RO         1171    i.bsp_DelayMS       bsp_delay.o
    0x08004140   0x08004140   0x000000c8   Code   RO         1074    i.bsp_DetectKey     bsp_key.o
    0x08004208   0x08004208   0x000000a0   Code   RO          853    i.bsp_GetExitLine   gpio.o
    0x080042a8   0x080042a8   0x000000a2   Code   RO          854    i.bsp_GetExitPinSource  gpio.o
    0x0800434a   0x0800434a   0x00000002   PAD
    0x0800434c   0x0800434c   0x00000048   Code   RO          855    i.bsp_GetExitPortOfGPIO  gpio.o
    0x08004394   0x08004394   0x00000034   Code   RO         1075    i.bsp_GetKey        bsp_key.o
    0x080043c8   0x080043c8   0x000000a2   Code   RO          980    i.bsp_GetPinSource  dlp_control.o
    0x0800446a   0x0800446a   0x00000002   PAD
    0x0800446c   0x0800446c   0x0000004c   Code   RO          981    i.bsp_GetRCCofGPIO  dlp_control.o
    0x080044b8   0x080044b8   0x00000078   Code   RO          982    i.bsp_GetRCCofTIM   dlp_control.o
    0x08004530   0x08004530   0x00000064   Code   RO         1248    i.bsp_InitIwdg      iwdg_model.o
    0x08004594   0x08004594   0x0000000c   Code   RO         1077    i.bsp_InitKey       bsp_key.o
    0x080045a0   0x080045a0   0x00000028   Code   RO         1078    i.bsp_InitKeyHard   bsp_key.o
    0x080045c8   0x080045c8   0x00000038   Code   RO         1079    i.bsp_InitKeyVar    bsp_key.o
    0x08004600   0x08004600   0x00000020   Code   RO         1080    i.bsp_PutKey        bsp_key.o
    0x08004620   0x08004620   0x00000078   Code   RO          856    i.bsp_SetGpioExit   gpio.o
    0x08004698   0x08004698   0x000001fc   Code   RO          985    i.bsp_SetTIMOutPWM  dlp_control.o
    0x08004894   0x08004894   0x0000003c   Code   RO         1081    i.bsp_key_event_process  bsp_key.o
    0x080048d0   0x080048d0   0x00000016   Code   RO         1082    i.bsp_key_scan      bsp_key.o
    0x080048e6   0x080048e6   0x00000002   PAD
    0x080048e8   0x080048e8   0x00000080   Code   RO          334    i.buffer_stat       uart.o
    0x08004968   0x08004968   0x0000001c   Code   RO          335    i.fputc             uart.o
    0x08004984   0x08004984   0x00000018   Code   RO          417    i.fun_tick          fun.o
    0x0800499c   0x0800499c   0x00000014   Code   RO          418    i.fun_tick_finish   fun.o
    0x080049b0   0x080049b0   0x0000000c   Code   RO          419    i.fun_tick_start    fun.o
    0x080049bc   0x080049bc   0x00000034   Code   RO          558    i.get_light_value   adc.o
    0x080049f0   0x080049f0   0x00000014   Code   RO          420    i.get_rotate_speed  fun.o
    0x08004a04   0x08004a04   0x000002b8   Code   RO          559    i.get_temperauter_value  adc.o
    0x08004cbc   0x08004cbc   0x000000d0   Code   RO          421    i.linear            fun.o
    0x08004d8c   0x08004d8c   0x00000354   Code   RO         3858    i.log               m_ps.l(log.o)
    0x080050e0   0x080050e0   0x00000090   Code   RO          224    i.main              main.o
    0x08005170   0x08005170   0x000002f0   Code   RO          225    i.process           main.o
    0x08005460   0x08005460   0x0000001e   Code   RO          422    i.regulate_fun      fun.o
    0x0800547e   0x0800547e   0x0000001e   Code   RO          336    i.sum               uart.o
    0x0800549c   0x0800549c   0x0000020c   Code   RO          423    i.temp_rpm_regulate  fun.o
    0x080056a8   0x080056a8   0x000000b4   Code   RO         1196    i.xfm_ReadReg       xfm10213_model.o
    0x0800575c   0x0800575c   0x0000009c   Code   RO         1197    i.xfm_WriteReg      xfm10213_model.o
    0x080057f8   0x080057f8   0x00000130   Code   RO         1198    i.xfm_init          xfm10213_model.o
    0x08005928   0x08005928   0x00000080   Code   RO         1199    i.xfm_irq_process   xfm10213_model.o
    0x080059a8   0x080059a8   0x0000009c   Code   RO         1200    i.xfm_load          xfm10213_model.o
    0x08005a44   0x08005a44   0x00000064   Code   RO         3885    x$fpl$deqf          fz_ps.l(deqf.o)
    0x08005aa8   0x08005aa8   0x00000064   Code   RO         3836    x$fpl$dleqf         fz_ps.l(dlef.o)
    0x08005b0c   0x08005b0c   0x00000068   Code   RO         3840    x$fpl$drleqf        fz_ps.l(drlef.o)
    0x08005b74   0x08005b74   0x0000008c   Code   RO         3842    x$fpl$fadd          fz_ps.l(faddsub.o)
    0x08005c00   0x08005c00   0x000000b0   Code   RO         3855    x$fpl$fmul          fz_ps.l(fmul.o)
    0x08005cb0   0x08005cb0   0x000000d0   Code   RO         3844    x$fpl$fsub          fz_ps.l(faddsub.o)
    0x08005d80   0x08005d80   0x00000000   Code   RO         3889    x$fpl$usenofp       fz_ps.l(usenofp.o)
    0x08005d80   0x08005d80   0x00000048   Data   RO          424    .constdata          fun.o
    0x08005dc8   0x08005dc8   0x00000010   Data   RO          498    .constdata          stepmotor.o
    0x08005dd8   0x08005dd8   0x00000020   Data   RO          857    .constdata          gpio.o
    0x08005df8   0x08005df8   0x00003fd0   Data   RO         1201    .constdata          xfm10213_model.o
    0x08009dc8   0x08009dc8   0x00000028   Data   RO         3771    .constdata          c_p.l(_printf_hex_int.o)
    0x08009df0   0x08009df0   0x00000011   Data   RO         3801    .constdata          c_p.l(__printf_flags_wp.o)
    0x08009e01   0x08009e01   0x00000080   Data   RO         3830    .constdata          fz_ps.l(ddiv.o)
    0x08009e81   0x08009e81   0x00000040   Data   RO         3849    .constdata          fz_ps.l(fdiv.o)
    0x08009ec1   0x08009ec1   0x00000007   PAD
    0x08009ec8   0x08009ec8   0x00000038   Data   RO         3859    .constdata          m_ps.l(log.o)
    0x08009f00   0x08009f00   0x00000008   Data   RO         3906    .constdata          m_ps.l(qnan.o)
    0x08009f08   0x08009f08   0x00000020   Data   RO         4082    Region$$Table       anon$$obj.o


    Execution Region RW_IRAM1 (Exec base: 0x20000000, Load base: 0x08009f28, Size: 0x00000860, Max: 0x00002000, ABSOLUTE)

    Exec Addr    Load Addr    Size         Type   Attr      Idx    E Section Name        Object

    0x20000000   0x08009f28   0x00000014   Data   RW           14    .data               system_stm32f0xx.o
    0x20000014   0x08009f3c   0x0000001d   Data   RW          134    .data               stm32f0xx_it.o
    0x20000031   0x08009f59   0x00000001   Data   RW          226    .data               main.o
    0x20000032   0x08009f5a   0x00000002   PAD
    0x20000034   0x08009f5c   0x00000020   Data   RW          338    .data               uart.o
    0x20000054   0x08009f7c   0x00000031   Data   RW          425    .data               fun.o
    0x20000085   0x08009fad   0x00000003   PAD
    0x20000088   0x08009fb0   0x00000010   Data   RW          499    .data               stepmotor.o
    0x20000098   0x08009fc0   0x00000014   Data   RW          858    .data               gpio.o
    0x200000ac   0x08009fd4   0x00000011   Data   RW          986    .data               dlp_control.o
    0x200000bd   0x08009fe5   0x00000003   PAD
    0x200000c0   0x08009fe8   0x00000008   Data   RW         1084    .data               bsp_key.o
    0x200000c8   0x08009ff0   0x00000004   Data   RW         1173    .data               bsp_delay.o
    0x200000cc   0x08009ff4   0x00000001   Data   RW         1202    .data               xfm10213_model.o
    0x200000cd   0x08009ff5   0x00000003   PAD
    0x200000d0   0x08009ff8   0x00000004   Data   RW         1249    .data               iwdg_model.o
    0x200000d4   0x08009ffc   0x00000010   Data   RW         1661    .data               stm32f0xx_rcc.o
    0x200000e4        -       0x00000102   Zero   RW          337    .bss                uart.o
    0x200001e6        -       0x0000000a   Zero   RW          560    .bss                adc.o
    0x200001f0        -       0x0000000c   Zero   RW         1083    .bss                bsp_key.o
    0x200001fc        -       0x00000060   Zero   RW         3940    .bss                c_p.l(libspace.o)
    0x2000025c   0x0800a00c   0x00000004   PAD
    0x20000260        -       0x00000200   Zero   RW            2    HEAP                startup_stm32f051x8.o
    0x20000460        -       0x00000400   Zero   RW            1    STACK               startup_stm32f051x8.o


==============================================================================

Image component sizes


      Code (inc. data)   RO Data    RW Data    ZI Data      Debug   Object Name

      1080        134          0          0         10       2746   adc.o
        44          6          0          4          0        995   bsp_delay.o
       518        110          0          8         12       4922   bsp_key.o
      1540        138          0         17          0       7198   dlp_control.o
       162         12          0          0          0       2576   flash_if.o
      1394        104         72         49          0       6656   fun.o
      1736        134         32         20          0      14077   gpio.o
       804        156          0          0          0       6923   iso_i2c_gpio.o
       108         12          0          4          0       1457   iwdg_model.o
       160         18          0          0          0       1322   led.o
       924         42          0          1          0       2869   main.o
        56         26        188          0       1536        616   startup_stm32f051x8.o
       656         52         16         16          0       4434   stepmotor.o
       298          8          0          0          0       5590   stm32f0xx_adc.o
       252         18          0          0          0       2418   stm32f0xx_dma.o
       188         14          0          0          0       1940   stm32f0xx_exti.o
       332         32          0          0          0       3466   stm32f0xx_flash.o
       252          0          0          0          0       3659   stm32f0xx_gpio.o
       792        172          0         29          0       7291   stm32f0xx_it.o
        68         34          0          0          0       2118   stm32f0xx_iwdg.o
       112          6          0          0          0        888   stm32f0xx_misc.o
       624         56          0         16          0       5100   stm32f0xx_rcc.o
        64          4          0          0          0        560   stm32f0xx_syscfg.o
      1484        214          0          0          0      17651   stm32f0xx_tim.o
       450         10          0          0          0       4973   stm32f0xx_usart.o
       340         24          0         20          0     152589   system_stm32f0xx.o
      1004        114          0         32        258      13689   uart.o
       924        294      16336          1          0       4111   xfm10213_model.o

    ----------------------------------------------------------------------
     16384       1944      16676        228       1816     282834   Object Totals
         0          0         32          0          0          0   (incl. Generated)
        18          0          0         11          0          0   (incl. Padding)

    ----------------------------------------------------------------------

      Code (inc. data)   RO Data    RW Data    ZI Data      Debug   Library Member Name

         8          0          0          0          0         68   __main.o
       312          6         17          0          0         76   __printf_flags_wp.o
        14          0          0          0          0         60   __printf_wp.o
         0          0          0          0          0          0   __rtentry.o
        12          0          0          0          0          0   __rtentry2.o
         6          0          0          0          0          0   __rtentry4.o
        60          8          0          0          0          0   __scatter.o
        26          0          0          0          0          0   __scatter_copy.o
        28          0          0          0          0          0   __scatter_zi.o
        48          6          0          0          0         88   _printf_char_common.o
        40          6          0          0          0         72   _printf_char_file.o
        10          0          0          0          0          0   _printf_d.o
       108         18          0          0          0         76   _printf_dec.o
        88          4         40          0          0         72   _printf_hex_int.o
       176          0          0          0          0         84   _printf_intcommon.o
        78          0          0          0          0        100   _printf_pad.o
         2          0          0          0          0          0   _printf_percent.o
         4          0          0          0          0          0   _printf_percent_end.o
        10          0          0          0          0          0   _printf_x.o
        22          0          0          0          0         92   _rserrno.o
        18          0          0          0          0         68   aeabi_memset.o
       346          0          0          0          0         92   aeabi_sdiv.o
        16          0          0          0          0         68   exit.o
         8          0          0          0          0         60   ferror.o
         6          0          0          0          0        136   heapauxi.o
         2          0          0          0          0          0   libinit.o
         2          0          0          0          0          0   libinit2.o
         2          0          0          0          0          0   libshutdown.o
         2          0          0          0          0          0   libshutdown2.o
         8          4          0          0         96         68   libspace.o
        28          6          0          0          0         84   noretval__2printf.o
         8          4          0          0          0         68   rt_errno_addr_intlibspace.o
        64          0          0          0          0        108   rt_memclr.o
       186          0          0          0          0        144   rt_memcpy.o
         2          0          0          0          0          0   rtexit.o
        10          0          0          0          0          0   rtexit2.o
        40          0          0          0          0         60   rtudiv10.o
        62          0          0          0          0         80   sys_stackheap_outer.o
         2          0          0          0          0         68   use_no_semi.o
         2          0          0          0          0         68   use_no_semi_2.o
        46          0          0          0          0         60   cmpret.o
       856         20          0          0          0        208   daddsub.o
       144          4          0          0          0         76   dcmpin.o
      1096         26        128          0          0        112   ddiv.o
       100          4          0          0          0         92   deqf.o
        72          4          0          0          0         68   dfixui.o
        88          0          0          0          0         92   dflti.o
       100          4          0          0          0         92   dlef.o
       584         26          0          0          0         84   dmul.o
        20          6          0          0          0         68   dnan2.o
       104          4          0          0          0        104   drlef.o
        96         12          0          0          0         72   dscalbn.o
       348          8          0          0          0        160   faddsub.o
       352         10         64          0          0         92   fdiv.o
        48          0          0          0          0         60   ffixui.o
        94          0          0          0          0         92   fflti.o
       176          4          0          0          0         80   fmul.o
        94          0          0          0          0         68   retnan.o
         0          0          0          0          0          0   usenofp.o
        46          4          0          0          0        204   dunder.o
       852         62         56          0          0        136   log.o
       172          0          0          0          0         76   poly.o
         0          0          8          0          0          0   qnan.o

    ----------------------------------------------------------------------
      7364        260        320          0        100       4056   Library Totals
        10          0          7          0          4          0   (incl. Padding)

    ----------------------------------------------------------------------

      Code (inc. data)   RO Data    RW Data    ZI Data      Debug   Library Name

      1866         62         57          0         96       1960   c_p.l
      4418        132        192          0          0       1680   fz_ps.l
      1070         66         64          0          0        416   m_ps.l

    ----------------------------------------------------------------------
      7364        260        320          0        100       4056   Library Totals

    ----------------------------------------------------------------------

==============================================================================


      Code (inc. data)   RO Data    RW Data    ZI Data      Debug   

     23748       2204      16996        228       1916     276554   Grand Totals
     23748       2204      16996        228       1916     276554   ELF Image Totals
     23748       2204      16996        228          0          0   ROM Totals

==============================================================================

    Total RO  Size (Code + RO Data)                40744 (  39.79kB)
    Total RW  Size (RW Data + ZI Data)              2144 (   2.09kB)
    Total ROM Size (Code + RO Data + RW Data)      40972 (  40.01kB)

==============================================================================

